Archive member included to satisfy reference by file (symbol)

c:/ac6/systemworkbench/plugins/fr.ac6.mcu.externaltools.arm-none.win32_1.7.0.201602121829/tools/compiler/bin/../lib/gcc/arm-none-eabi/5.2.1/armv7e-m/fpu\libgcc.a(_arm_addsubdf3.o)
                              src/grbl/gcode.o (__aeabi_dsub)
c:/ac6/systemworkbench/plugins/fr.ac6.mcu.externaltools.arm-none.win32_1.7.0.201602121829/tools/compiler/bin/../lib/gcc/arm-none-eabi/5.2.1/armv7e-m/fpu\libgcc.a(_arm_muldivdf3.o)
                              src/grbl/gcode.o (__aeabi_dmul)
c:/ac6/systemworkbench/plugins/fr.ac6.mcu.externaltools.arm-none.win32_1.7.0.201602121829/tools/compiler/bin/../lib/gcc/arm-none-eabi/5.2.1/armv7e-m/fpu\libgcc.a(_arm_cmpdf2.o)
                              src/grbl/planner.o (__aeabi_dcmplt)
c:/ac6/systemworkbench/plugins/fr.ac6.mcu.externaltools.arm-none.win32_1.7.0.201602121829/tools/compiler/bin/../lib/gcc/arm-none-eabi/5.2.1/armv7e-m/fpu\libgcc.a(_arm_fixdfsi.o)
                              src/grbl/gcode.o (__aeabi_d2iz)
c:/ac6/systemworkbench/plugins/fr.ac6.mcu.externaltools.arm-none.win32_1.7.0.201602121829/tools/compiler/bin/../lib/gcc/arm-none-eabi/5.2.1/armv7e-m/fpu\libgcc.a(_arm_fixunsdfsi.o)
                              src/grbl/gcode.o (__aeabi_d2uiz)
c:/ac6/systemworkbench/plugins/fr.ac6.mcu.externaltools.arm-none.win32_1.7.0.201602121829/tools/compiler/bin/../lib/gcc/arm-none-eabi/5.2.1/armv7e-m/fpu\libgcc.a(_arm_truncdfsf2.o)
                              src/grbl/gcode.o (__aeabi_d2f)
c:/ac6/systemworkbench/plugins/fr.ac6.mcu.externaltools.arm-none.win32_1.7.0.201602121829/tools/compiler/bin/../lib/gcc/arm-none-eabi/5.2.1/../../../../arm-none-eabi/lib/armv7e-m/fpu\libc.a(lib_a-errno.o)
                              src/syscalls.o (__errno)
c:/ac6/systemworkbench/plugins/fr.ac6.mcu.externaltools.arm-none.win32_1.7.0.201602121829/tools/compiler/bin/../lib/gcc/arm-none-eabi/5.2.1/../../../../arm-none-eabi/lib/armv7e-m/fpu\libc.a(lib_a-exit.o)
                              c:/ac6/systemworkbench/plugins/fr.ac6.mcu.externaltools.arm-none.win32_1.7.0.201602121829/tools/compiler/bin/../lib/gcc/arm-none-eabi/5.2.1/../../../../arm-none-eabi/lib/armv7e-m/fpu/crt0.o (exit)
c:/ac6/systemworkbench/plugins/fr.ac6.mcu.externaltools.arm-none.win32_1.7.0.201602121829/tools/compiler/bin/../lib/gcc/arm-none-eabi/5.2.1/../../../../arm-none-eabi/lib/armv7e-m/fpu\libc.a(lib_a-impure.o)
                              c:/ac6/systemworkbench/plugins/fr.ac6.mcu.externaltools.arm-none.win32_1.7.0.201602121829/tools/compiler/bin/../lib/gcc/arm-none-eabi/5.2.1/../../../../arm-none-eabi/lib/armv7e-m/fpu\libc.a(lib_a-exit.o) (_global_impure_ptr)
c:/ac6/systemworkbench/plugins/fr.ac6.mcu.externaltools.arm-none.win32_1.7.0.201602121829/tools/compiler/bin/../lib/gcc/arm-none-eabi/5.2.1/../../../../arm-none-eabi/lib/armv7e-m/fpu\libc.a(lib_a-init.o)
                              c:/ac6/systemworkbench/plugins/fr.ac6.mcu.externaltools.arm-none.win32_1.7.0.201602121829/tools/compiler/bin/../lib/gcc/arm-none-eabi/5.2.1/../../../../arm-none-eabi/lib/armv7e-m/fpu/crt0.o (__libc_init_array)
c:/ac6/systemworkbench/plugins/fr.ac6.mcu.externaltools.arm-none.win32_1.7.0.201602121829/tools/compiler/bin/../lib/gcc/arm-none-eabi/5.2.1/../../../../arm-none-eabi/lib/armv7e-m/fpu\libc.a(lib_a-memcpy.o)
                              src/avr/eeprom.o (memcpy)
c:/ac6/systemworkbench/plugins/fr.ac6.mcu.externaltools.arm-none.win32_1.7.0.201602121829/tools/compiler/bin/../lib/gcc/arm-none-eabi/5.2.1/../../../../arm-none-eabi/lib/armv7e-m/fpu\libc.a(lib_a-memset.o)
                              c:/ac6/systemworkbench/plugins/fr.ac6.mcu.externaltools.arm-none.win32_1.7.0.201602121829/tools/compiler/bin/../lib/gcc/arm-none-eabi/5.2.1/../../../../arm-none-eabi/lib/armv7e-m/fpu/crt0.o (memset)
c:/ac6/systemworkbench/plugins/fr.ac6.mcu.externaltools.arm-none.win32_1.7.0.201602121829/tools/compiler/bin/../lib/gcc/arm-none-eabi/5.2.1/../../../../arm-none-eabi/lib/armv7e-m/fpu\libc.a(lib_a-__call_atexit.o)
                              c:/ac6/systemworkbench/plugins/fr.ac6.mcu.externaltools.arm-none.win32_1.7.0.201602121829/tools/compiler/bin/../lib/gcc/arm-none-eabi/5.2.1/../../../../arm-none-eabi/lib/armv7e-m/fpu\libc.a(lib_a-exit.o) (__call_exitprocs)
c:/ac6/systemworkbench/plugins/fr.ac6.mcu.externaltools.arm-none.win32_1.7.0.201602121829/tools/compiler/bin/../lib/gcc/arm-none-eabi/5.2.1/../../../../arm-none-eabi/lib/armv7e-m/fpu\libc.a(lib_a-atexit.o)
                              c:/ac6/systemworkbench/plugins/fr.ac6.mcu.externaltools.arm-none.win32_1.7.0.201602121829/tools/compiler/bin/../lib/gcc/arm-none-eabi/5.2.1/../../../../arm-none-eabi/lib/armv7e-m/fpu\libc.a(lib_a-__call_atexit.o) (atexit)
c:/ac6/systemworkbench/plugins/fr.ac6.mcu.externaltools.arm-none.win32_1.7.0.201602121829/tools/compiler/bin/../lib/gcc/arm-none-eabi/5.2.1/../../../../arm-none-eabi/lib/armv7e-m/fpu\libc.a(lib_a-fini.o)
[...]
Memory Configuration

Name             Origin             Length             Attributes
FLASH0           0x08000000         0x00008000         xr
FLASH1           0x08008000         0x00004000         xr
FLASH2           0x0800c000         0x00074000         xr
RAM              0x20000000         0x00020000         xrw
*default*        0x00000000         0xffffffff

Linker script and memory map

LOAD c:/ac6/systemworkbench/plugins/fr.ac6.mcu.externaltools.arm-none.win32_1.7.0.201602121829/tools/compiler/bin/../lib/gcc/arm-none-eabi/5.2.1/armv7e-m/fpu/crti.o
LOAD c:/ac6/systemworkbench/plugins/fr.ac6.mcu.externaltools.arm-none.win32_1.7.0.201602121829/tools/compiler/bin/../lib/gcc/arm-none-eabi/5.2.1/armv7e-m/fpu/crtbegin.o
LOAD c:/ac6/systemworkbench/plugins/fr.ac6.mcu.externaltools.arm-none.win32_1.7.0.201602121829/tools/compiler/bin/../lib/gcc/arm-none-eabi/5.2.1/../../../../arm-none-eabi/lib/armv7e-m/fpu/crt0.o
LOAD c:/ac6/systemworkbench/plugins/fr.ac6.mcu.externaltools.arm-none.win32_1.7.0.201602121829/tools/compiler/bin/../lib/gcc/arm-none-eabi/5.2.1/../../../../arm-none-eabi/lib/armv7e-m/fpu\libm.a
LOAD startup/startup_stm32f411xe.o
LOAD src/util/delay.o
LOAD src/util/floatunsisf.o
LOAD src/syscalls.o
LOAD src/system_stm32f4xx.o
LOAD src/grbl/coolant_control.o
LOAD src/grbl/gcode.o
LOAD src/grbl/limits.o
LOAD src/grbl/main.o
LOAD src/grbl/motion_control.o
LOAD src/grbl/nuts_bolts.o
LOAD src/grbl/planner.o
LOAD src/grbl/print.o
LOAD src/grbl/probe.o
LOAD src/grbl/protocol.o
LOAD src/grbl/report.o
LOAD src/grbl/serial.o
LOAD src/grbl/settings.o
LOAD src/grbl/spindle_control.o
LOAD src/grbl/stepper.o
LOAD src/grbl/system.o
LOAD src/avr/eeprom.o
LOAD src/avr/io.o
LOAD StdPeriph_Driver/src/misc.o
LOAD StdPeriph_Driver/src/stm32f4xx_adc.o
LOAD StdPeriph_Driver/src/stm32f4xx_can.o
LOAD StdPeriph_Driver/src/stm32f4xx_crc.o
LOAD StdPeriph_Driver/src/stm32f4xx_cryp.o
LOAD StdPeriph_Driver/src/stm32f4xx_cryp_aes.o
LOAD StdPeriph_Driver/src/stm32f4xx_cryp_des.o
LOAD StdPeriph_Driver/src/stm32f4xx_cryp_tdes.o
LOAD StdPeriph_Driver/src/stm32f4xx_dac.o
LOAD StdPeriph_Driver/src/stm32f4xx_dbgmcu.o
LOAD StdPeriph_Driver/src/stm32f4xx_dcmi.o
LOAD StdPeriph_Driver/src/stm32f4xx_dma.o
LOAD StdPeriph_Driver/src/stm32f4xx_dma2d.o
LOAD StdPeriph_Driver/src/stm32f4xx_exti.o
LOAD StdPeriph_Driver/src/stm32f4xx_flash.o
LOAD StdPeriph_Driver/src/stm32f4xx_flash_ramfunc.o
LOAD StdPeriph_Driver/src/stm32f4xx_gpio.o
LOAD StdPeriph_Driver/src/stm32f4xx_hash.o
LOAD StdPeriph_Driver/src/stm32f4xx_hash_md5.o
LOAD StdPeriph_Driver/src/stm32f4xx_hash_sha1.o
LOAD StdPeriph_Driver/src/stm32f4xx_i2c.o
LOAD StdPeriph_Driver/src/stm32f4xx_iwdg.o
LOAD StdPeriph_Driver/src/stm32f4xx_ltdc.o
LOAD StdPeriph_Driver/src/stm32f4xx_pwr.o
LOAD StdPeriph_Driver/src/stm32f4xx_rcc.o
LOAD StdPeriph_Driver/src/stm32f4xx_rng.o
LOAD StdPeriph_Driver/src/stm32f4xx_rtc.o
LOAD StdPeriph_Driver/src/stm32f4xx_sai.o
LOAD StdPeriph_Driver/src/stm32f4xx_sdio.o
LOAD StdPeriph_Driver/src/stm32f4xx_spi.o
LOAD StdPeriph_Driver/src/stm32f4xx_syscfg.o
LOAD StdPeriph_Driver/src/stm32f4xx_tim.o
LOAD StdPeriph_Driver/src/stm32f4xx_usart.o
LOAD StdPeriph_Driver/src/stm32f4xx_wwdg.o
START GROUP
LOAD c:/ac6/systemworkbench/plugins/fr.ac6.mcu.externaltools.arm-none.win32_1.7.0.201602121829/tools/compiler/bin/../lib/gcc/arm-none-eabi/5.2.1/armv7e-m/fpu\libgcc.a
LOAD c:/ac6/systemworkbench/plugins/fr.ac6.mcu.externaltools.arm-none.win32_1.7.0.201602121829/tools/compiler/bin/../lib/gcc/arm-none-eabi/5.2.1/../../../../arm-none-eabi/lib/armv7e-m/fpu\libc.a
END GROUP
LOAD c:/ac6/systemworkbench/plugins/fr.ac6.mcu.externaltools.arm-none.win32_1.7.0.201602121829/tools/compiler/bin/../lib/gcc/arm-none-eabi/5.2.1/armv7e-m/fpu/crtend.o
LOAD c:/ac6/systemworkbench/plugins/fr.ac6.mcu.externaltools.arm-none.win32_1.7.0.201602121829/tools/compiler/bin/../lib/gcc/arm-none-eabi/5.2.1/armv7e-m/fpu/crtn.o
                0x20020000                _estack = 0x20020000
                0x00000200                _Min_Heap_Size = 0x200
                0x00000400                _Min_Stack_Size = 0x400

.isr_vector     0x08000000      0x198
                0x08000000                . = ALIGN (0x4)
 *(.isr_vector)
 .isr_vector    0x08000000      0x198 startup/startup_stm32f411xe.o
                0x08000000                g_pfnVectors
                0x08000198                . = ALIGN (0x4)

.text           0x0800c000     0xb5e8
                0x0800c000                . = ALIGN (0x4)
 *(.text)
 .text          0x0800c000       0xa4 c:/ac6/systemworkbench/plugins/fr.ac6.mcu.externaltools.arm-none.win32_1.7.0.201602121829/tools/compiler/bin/../lib/gcc/arm-none-eabi/5.2.1/armv7e-m/fpu/crtbegin.o
 .text          0x0800c0a4      0x370 c:/ac6/systemworkbench/plugins/fr.ac6.mcu.externaltools.arm-none.win32_1.7.0.201602121829/tools/compiler/bin/../lib/gcc/arm-none-eabi/5.2.1/armv7e-m/fpu\libgcc.a(_arm_addsubdf3.o)
                0x0800c0a4                __aeabi_drsub
                0x0800c0ac                __aeabi_dsub
                0x0800c0ac                __subdf3
                0x0800c0b0                __aeabi_dadd
                0x0800c0b0                __adddf3
                0x0800c328                __floatunsidf
                0x0800c328                __aeabi_ui2d
                0x0800c348                __floatsidf
                0x0800c348                __aeabi_i2d
                0x0800c36c                __aeabi_f2d
                0x0800c36c                __extendsfdf2
                0x0800c3a8                __floatundidf
                0x0800c3a8                __aeabi_ul2d
                0x0800c3b8                __floatdidf
                0x0800c3b8                __aeabi_l2d
 .text          0x0800c414      0x424 c:/ac6/systemworkbench/plugins/fr.ac6.mcu.externaltools.arm-none.win32_1.7.0.201602121829/tools/compiler/bin/../lib/gcc/arm-none-eabi/5.2.1/armv7e-m/fpu\libgcc.a(_arm_muldivdf3.o)
                0x0800c414                __aeabi_dmul
                0x0800c414                __muldf3
                0x0800c668                __divdf3
                0x0800c668                __aeabi_ddiv
 .text          0x0800c838      0x110 c:/ac6/systemworkbench/plugins/fr.ac6.mcu.externaltools.arm-none.win32_1.7.0.201602121829/tools/compiler/bin/../lib/gcc/arm-none-eabi/5.2.1/armv7e-m/fpu\libgcc.a(_arm_cmpdf2.o)
                0x0800c838                __gtdf2
                0x0800c838                __gedf2
                0x0800c840                __ltdf2
                0x0800c840                __ledf2
                0x0800c848                __nedf2
                0x0800c848                __eqdf2
                0x0800c848                __cmpdf2
                0x0800c8c4                __aeabi_cdrcmple
                0x0800c8d4                __aeabi_cdcmpeq
                0x0800c8d4                __aeabi_cdcmple
                0x0800c8e4                __aeabi_dcmpeq
                0x0800c8f8                __aeabi_dcmplt
                0x0800c90c                __aeabi_dcmple
                0x0800c920                __aeabi_dcmpge
                0x0800c934                __aeabi_dcmpgt
 .text          0x0800c948       0x50 c:/ac6/systemworkbench/plugins/fr.ac6.mcu.externaltools.arm-none.win32_1.7.0.201602121829/tools/compiler/bin/../lib/gcc/arm-none-eabi/5.2.1/armv7e-m/fpu\libgcc.a(_arm_fixdfsi.o)
                0x0800c948                __aeabi_d2iz
                0x0800c948                __fixdfsi
 .text          0x0800c998       0x40 c:/ac6/systemworkbench/plugins/fr.ac6.mcu.externaltools.arm-none.win32_1.7.0.201602121829/tools/compiler/bin/../lib/gcc/arm-none-eabi/5.2.1/armv7e-m/fpu\libgcc.a(_arm_fixunsdfsi.o)
                0x0800c998                __aeabi_d2uiz
                0x0800c998                __fixunsdfsi
 .text          0x0800c9d8       0xa0 c:/ac6/systemworkbench/plugins/fr.ac6.mcu.externaltools.arm-none.win32_1.7.0.201602121829/tools/compiler/bin/../lib/gcc/arm-none-eabi/5.2.1/armv7e-m/fpu\libgcc.a(_arm_truncdfsf2.o)
                0x0800c9d8                __truncdfsf2
                0x0800c9d8                __aeabi_d2f
 .text          0x0800ca78      0x134 c:/ac6/systemworkbench/plugins/fr.ac6.mcu.externaltools.arm-none.win32_1.7.0.201602121829/tools/compiler/bin/../lib/gcc/arm-none-eabi/5.2.1/../../../../arm-none-eabi/lib/armv7e-m/fpu\libc.a(lib_a-memcpy.o)
                0x0800ca78                memcpy
 *(.text*)
 .text.Reset_Handler
                0x0800cbac       0x50 startup/startup_stm32f411xe.o
                0x0800cbac                Reset_Handler
 .text.Default_Handler
                0x0800cbfc        0x2 startup/startup_stm32f411xe.o
                0x0800cbfc                RTC_Alarm_IRQHandler
                0x0800cbfc                EXTI2_IRQHandler
                0x0800cbfc                DebugMon_Handler
                0x0800cbfc                SPI4_IRQHandler
                0x0800cbfc                TIM1_CC_IRQHandler
                0x0800cbfc                DMA2_Stream5_IRQHandler
                0x0800cbfc                HardFault_Handler
                0x0800cbfc                DMA1_Stream5_IRQHandler
                0x0800cbfc                SysTick_Handler
                0x0800cbfc                PVD_IRQHandler
                0x0800cbfc                SDIO_IRQHandler
                0x0800cbfc                TAMP_STAMP_IRQHandler
                0x0800cbfc                PendSV_Handler
                0x0800cbfc                NMI_Handler
                0x0800cbfc                EXTI3_IRQHandler
                0x0800cbfc                TIM1_UP_TIM10_IRQHandler
                0x0800cbfc                I2C3_ER_IRQHandler
                0x0800cbfc                EXTI0_IRQHandler
                0x0800cbfc                I2C2_EV_IRQHandler
                0x0800cbfc                DMA1_Stream2_IRQHandler
                0x0800cbfc                FPU_IRQHandler
                0x0800cbfc                UsageFault_Handler
                0x0800cbfc                DMA2_Stream2_IRQHandler
                0x0800cbfc                SPI1_IRQHandler
                0x0800cbfc                TIM1_BRK_TIM9_IRQHandler
                0x0800cbfc                DMA2_Stream3_IRQHandler
                0x0800cbfc                USART6_IRQHandler
                0x0800cbfc                DMA2_Stream0_IRQHandler
                0x0800cbfc                TIM4_IRQHandler
                0x0800cbfc                I2C1_EV_IRQHandler
                0x0800cbfc                DMA1_Stream6_IRQHandler
                0x0800cbfc                DMA1_Stream1_IRQHandler
                0x0800cbfc                TIM3_IRQHandler
                0x0800cbfc                RCC_IRQHandler
                0x0800cbfc                Default_Handler
                0x0800cbfc                EXTI15_10_IRQHandler
                0x0800cbfc                ADC_IRQHandler
                0x0800cbfc                SPI5_IRQHandler
                0x0800cbfc                TIM5_IRQHandler
                0x0800cbfc                DMA2_Stream7_IRQHandler
                0x0800cbfc                I2C3_EV_IRQHandler
                0x0800cbfc                EXTI9_5_IRQHandler
                0x0800cbfc                RTC_WKUP_IRQHandler
                0x0800cbfc                SPI2_IRQHandler
                0x0800cbfc                MemManage_Handler
                0x0800cbfc                DMA1_Stream0_IRQHandler
                0x0800cbfc                SVC_Handler
                0x0800cbfc                EXTI4_IRQHandler
                0x0800cbfc                WWDG_IRQHandler
                0x0800cbfc                OTG_FS_WKUP_IRQHandler
                0x0800cbfc                TIM1_TRG_COM_TIM11_IRQHandler
                0x0800cbfc                EXTI1_IRQHandler
                0x0800cbfc                I2C2_ER_IRQHandler
                0x0800cbfc                DMA2_Stream1_IRQHandler
                0x0800cbfc                FLASH_IRQHandler
                0x0800cbfc                DMA2_Stream4_IRQHandler
                0x0800cbfc                BusFault_Handler
                0x0800cbfc                USART1_IRQHandler
                0x0800cbfc                OTG_FS_IRQHandler
                0x0800cbfc                SPI3_IRQHandler
                0x0800cbfc                DMA1_Stream4_IRQHandler
                0x0800cbfc                I2C1_ER_IRQHandler
                0x0800cbfc                DMA2_Stream6_IRQHandler
                0x0800cbfc                DMA1_Stream3_IRQHandler
 *fill*         0x0800cbfe        0x2 
 .text._delay_us
                0x0800cc00       0x28 src/util/delay.o
                0x0800cc00                _delay_us
 .text._delay_ms
                0x0800cc28       0x24 src/util/delay.o
                0x0800cc28                _delay_ms
 .text.SystemInit
                0x0800cc4c       0x6c src/system_stm32f4xx.o
                0x0800cc4c                SystemInit
 .text.SetSysClock
                0x0800ccb8       0xa0 src/system_stm32f4xx.o
 .text.coolant_init
                0x0800cd58        0xc src/grbl/coolant_control.o
                0x0800cd58                coolant_init
 .text.coolant_stop
                0x0800cd64       0x10 src/grbl/coolant_control.o
                0x0800cd64                coolant_stop
 .text.coolant_set_state
                0x0800cd74       0x2c src/grbl/coolant_control.o
                0x0800cd74                coolant_set_state
 .text.coolant_run
                0x0800cda0       0x2c src/grbl/coolant_control.o
                0x0800cda0                coolant_run
 .text.gc_init  0x0800cdcc       0x34 src/grbl/gcode.o
                0x0800cdcc                gc_init
 .text.gc_sync_position
                0x0800ce00       0x18 src/grbl/gcode.o
                0x0800ce00                gc_sync_position
 .text.gc_check_same_position
                0x0800ce18       0x50 src/grbl/gcode.o
 .text.gc_execute_line
                0x0800ce68     0x1a4c src/grbl/gcode.o
                0x0800ce68                gc_execute_line
 .text.limits_disable
                0x0800e8b4       0x18 src/grbl/limits.o
                0x0800e8b4                limits_disable
 .text.limits_enable
                0x0800e8cc       0x18 src/grbl/limits.o
                0x0800e8cc                limits_enable
 .text.limits_init
                0x0800e8e4       0x48 src/grbl/limits.o
                0x0800e8e4                limits_init
 .text.limits_get_state
                0x0800e92c       0x7c src/grbl/limits.o
                0x0800e92c                limits_get_state
 .text.limitpin_check
                0x0800e9a8       0x60 src/grbl/limits.o
                0x0800e9a8                limitpin_check
 .text.limits_go_home
                0x0800ea08      0x484 src/grbl/limits.o
                0x0800ea08                limits_go_home
 .text.limits_soft_check
                0x0800ee8c       0xa8 src/grbl/limits.o
                0x0800ee8c                limits_soft_check
 .text.main     0x0800ef34       0x90 src/grbl/main.o
                0x0800ef34                main
 .text.mc_line  0x0800efc4       0x70 src/grbl/motion_control.o
                0x0800efc4                mc_line
 *fill*         0x0800f034        0x4 
 .text.mc_arc   0x0800f038      0x528 src/grbl/motion_control.o
                0x0800f038                mc_arc
 .text.mc_dwell
                0x0800f560       0x30 src/grbl/motion_control.o
                0x0800f560                mc_dwell
 .text.mc_homing_cycle
                0x0800f590       0x34 src/grbl/motion_control.o
                0x0800f590                mc_homing_cycle
 .text.mc_probe_cycle
                0x0800f5c4       0xfc src/grbl/motion_control.o
                0x0800f5c4                mc_probe_cycle
 .text.mc_reset
                0x0800f6c0       0x60 src/grbl/motion_control.o
                0x0800f6c0                mc_reset
 .text.read_float
                0x0800f720      0x1e0 src/grbl/nuts_bolts.o
                0x0800f720                read_float
 .text.delay_sec
                0x0800f900       0x88 src/grbl/nuts_bolts.o
                0x0800f900                delay_sec
 .text.delay_ms
                0x0800f988       0x24 src/grbl/nuts_bolts.o
                0x0800f988                delay_ms
 .text.hypot_f  0x0800f9ac       0x5c src/grbl/nuts_bolts.o
                0x0800f9ac                hypot_f
 .text.set_as_output
                0x0800fa08       0x34 src/grbl/nuts_bolts.o
                0x0800fa08                set_as_output
 .text.set_as_input
                0x0800fa3c       0x34 src/grbl/nuts_bolts.o
                0x0800fa3c                set_as_input
 .text.plan_next_block_index
                0x0800fa70       0x28 src/grbl/planner.o
                0x0800fa70                plan_next_block_index
 .text.plan_prev_block_index
                0x0800fa98       0x28 src/grbl/planner.o
 .text.planner_recalculate
                0x0800fac0      0x204 src/grbl/planner.o
 .text.plan_reset
                0x0800fcc4       0x40 src/grbl/planner.o
                0x0800fcc4                plan_reset
 .text.plan_discard_current_block
                0x0800fd04       0x4c src/grbl/planner.o
                0x0800fd04                plan_discard_current_block
 .text.plan_get_current_block
                0x0800fd50       0x3c src/grbl/planner.o
                0x0800fd50                plan_get_current_block
 .text.plan_get_exec_block_exit_speed
                0x0800fd8c       0x70 src/grbl/planner.o
                0x0800fd8c                plan_get_exec_block_exit_speed
 .text.plan_check_full_buffer
                0x0800fdfc       0x28 src/grbl/planner.o
                0x0800fdfc                plan_check_full_buffer
 *fill*         0x0800fe24        0x4 
 .text.plan_buffer_line
                0x0800fe28      0x608 src/grbl/planner.o
                0x0800fe28                plan_buffer_line
 .text.plan_sync_position
                0x08010430       0x40 src/grbl/planner.o
                0x08010430                plan_sync_position
 .text.plan_get_block_buffer_count
                0x08010470       0x40 src/grbl/planner.o
                0x08010470                plan_get_block_buffer_count
 .text.plan_cycle_reinitialize
                0x080104b0       0x20 src/grbl/planner.o
                0x080104b0                plan_cycle_reinitialize
 .text.printString
                0x080104d0       0x28 src/grbl/print.o
                0x080104d0                printString
 .text.printPgmString
                0x080104f8       0x2c src/grbl/print.o
                0x080104f8                printPgmString
 .text.print_unsigned_int8
                0x08010524       0xb4 src/grbl/print.o
                0x08010524                print_unsigned_int8
 .text.print_uint8_base2
                0x080105d8       0x20 src/grbl/print.o
                0x080105d8                print_uint8_base2
 .text.print_uint8_base10
                0x080105f8       0x3c src/grbl/print.o
                0x080105f8                print_uint8_base10
 .text.printFloat
                0x08010634      0x154 src/grbl/print.o
                0x08010634                printFloat
 .text.printFloat_CoordValue
                0x08010788       0x64 src/grbl/print.o
                0x08010788                printFloat_CoordValue
 *fill*         0x080107ec        0x4 
 .text.printFloat_RateValue
                0x080107f0       0x64 src/grbl/print.o
                0x080107f0                printFloat_RateValue
 .text.printFloat_SettingValue
                0x08010854       0x1c src/grbl/print.o
                0x08010854                printFloat_SettingValue
 .text.printFloat_RPMValue
                0x08010870       0x1c src/grbl/print.o
                0x08010870                printFloat_RPMValue
 .text.probe_init
                0x0801088c       0x1c src/grbl/probe.o
                0x0801088c                probe_init
 .text.probe_configure_invert_mask
                0x080108a8       0x54 src/grbl/probe.o
                0x080108a8                probe_configure_invert_mask
 .text.probe_get_state
                0x080108fc       0x3c src/grbl/probe.o
                0x080108fc                probe_get_state
 .text.probe_state_monitor
                0x08010938       0x4c src/grbl/probe.o
                0x08010938                probe_state_monitor
 .text.protocol_main_loop
                0x08010984      0x198 src/grbl/protocol.o
                0x08010984                protocol_main_loop
 .text.protocol_buffer_synchronize
                0x08010b1c       0x30 src/grbl/protocol.o
                0x08010b1c                protocol_buffer_synchronize
 .text.protocol_auto_cycle_start
                0x08010b4c       0x10 src/grbl/protocol.o
                0x08010b4c                protocol_auto_cycle_start
 .text.protocol_execute_realtime
                0x08010b5c       0x1c src/grbl/protocol.o
                0x08010b5c                protocol_execute_realtime
 .text.protocol_exec_rt_system
                0x08010b78      0x2f0 src/grbl/protocol.o
                0x08010b78                protocol_exec_rt_system
 .text.protocol_exec_rt_suspend
                0x08010e68      0x110 src/grbl/protocol.o
 .text.report_status_message
                0x08010f78      0x164 src/grbl/report.o
                0x08010f78                report_status_message
 .text.report_alarm_message
                0x080110dc       0x8c src/grbl/report.o
                0x080110dc                report_alarm_message
 .text.report_feedback_message
                0x08011168       0xb4 src/grbl/report.o
                0x08011168                report_feedback_message
 .text.report_init_message
                0x0801121c       0x14 src/grbl/report.o
                0x0801121c                report_init_message
 .text.report_grbl_help
                0x08011230       0x14 src/grbl/report.o
                0x08011230                report_grbl_help
 .text.report_grbl_settings
                0x08011244      0x424 src/grbl/report.o
                0x08011244                report_grbl_settings
 .text.report_probe_parameters
                0x08011668       0x98 src/grbl/report.o
                0x08011668                report_probe_parameters
 .text.report_ngc_parameters
                0x08011700      0x134 src/grbl/report.o
                0x08011700                report_ngc_parameters
 .text.report_gcode_modes
                0x08011834      0x220 src/grbl/report.o
                0x08011834                report_gcode_modes
 .text.report_startup_line
                0x08011a54       0x40 src/grbl/report.o
                0x08011a54                report_startup_line
 .text.report_build_info
                0x08011a94       0x2c src/grbl/report.o
                0x08011a94                report_build_info
 .text.report_realtime_status
                0x08011ac0      0x3a8 src/grbl/report.o
                0x08011ac0                report_realtime_status
 .text.serial_get_rx_buffer_count
                0x08011e68       0x44 src/grbl/serial.o
                0x08011e68                serial_get_rx_buffer_count
 .text.serial_init
                0x08011eac       0xfc src/grbl/serial.o
                0x08011eac                serial_init
 .text.serial_write
                0x08011fa8       0x74 src/grbl/serial.o
                0x08011fa8                serial_write
 .text.serial_txint
                0x0801201c       0x6c src/grbl/serial.o
                0x0801201c                serial_txint
 .text.serial_read
                0x08012088       0x54 src/grbl/serial.o
                0x08012088                serial_read
 .text.serial_rxint
                0x080120dc       0xa0 src/grbl/serial.o
                0x080120dc                serial_rxint
 .text.serial_reset_read_buffer
                0x0801217c       0x20 src/grbl/serial.o
                0x0801217c                serial_reset_read_buffer
 .text.USART2_IRQHandler
                0x0801219c       0x30 src/grbl/serial.o
                0x0801219c                USART2_IRQHandler
 .text.settings_store_startup_line
                0x080121cc       0x30 src/grbl/settings.o
                0x080121cc                settings_store_startup_line
 .text.settings_store_build_info
                0x080121fc       0x1c src/grbl/settings.o
                0x080121fc                settings_store_build_info
 .text.settings_write_coord_data
                0x08012218       0x30 src/grbl/settings.o
                0x08012218                settings_write_coord_data
 .text.write_global_settings
                0x08012248       0x20 src/grbl/settings.o
                0x08012248                write_global_settings
 .text.settings_restore
                0x08012268      0x18c src/grbl/settings.o
                0x08012268                settings_restore
 .text.settings_read_startup_line
                0x080123f4       0x4c src/grbl/settings.o
                0x080123f4                settings_read_startup_line
 .text.settings_read_build_info
                0x08012440       0x34 src/grbl/settings.o
                0x08012440                settings_read_build_info
 .text.settings_read_coord_data
                0x08012474       0x50 src/grbl/settings.o
                0x08012474                settings_read_coord_data
 .text.read_global_settings
                0x080124c4       0x3c src/grbl/settings.o
                0x080124c4                read_global_settings
 .text.settings_store_global_setting
                0x08012500      0x3ac src/grbl/settings.o
                0x08012500                settings_store_global_setting
 .text.settings_init
                0x080128ac       0x24 src/grbl/settings.o
                0x080128ac                settings_init
 .text.get_step_pin_mask
                0x080128d0       0x2c src/grbl/settings.o
                0x080128d0                get_step_pin_mask
 .text.get_direction_pin_mask
                0x080128fc       0x2c src/grbl/settings.o
                0x080128fc                get_direction_pin_mask
 .text.spindle_init
                0x08012928       0xa4 src/grbl/spindle_control.o
                0x08012928                spindle_init
 .text.spindle_stop
                0x080129cc       0x18 src/grbl/spindle_control.o
                0x080129cc                spindle_stop
 .text.spindle_set_state
                0x080129e4       0x5c src/grbl/spindle_control.o
                0x080129e4                spindle_set_state
 .text.spindle_run
                0x08012a40       0x34 src/grbl/spindle_control.o
                0x08012a40                spindle_run
 .text.NVIC_SetPendingIRQ
                0x08012a74       0x34 src/grbl/stepper.o
 .text.NVIC_ClearPendingIRQ
                0x08012aa8       0x34 src/grbl/stepper.o
 .text.st_wake_up
                0x08012adc       0x1c src/grbl/stepper.o
                0x08012adc                st_wake_up
 .text.st_go_idle
                0x08012af8       0x4c src/grbl/stepper.o
                0x08012af8                st_go_idle
 .text.stepper_interrupt1
                0x08012b44       0x38 src/grbl/stepper.o
                0x08012b44                stepper_interrupt1
 .text.stepper_interrupt2
                0x08012b7c      0x29c src/grbl/stepper.o
                0x08012b7c                stepper_interrupt2
 .text.stepper_pinclr_interrupt
                0x08012e18       0x10 src/grbl/stepper.o
                0x08012e18                stepper_pinclr_interrupt
 .text.st_generate_step_dir_invert_masks
                0x08012e28       0x94 src/grbl/stepper.o
                0x08012e28                st_generate_step_dir_invert_masks
 .text.st_reset
                0x08012ebc       0x80 src/grbl/stepper.o
                0x08012ebc                st_reset
 .text.stepper_init
                0x08012f3c       0x10 src/grbl/stepper.o
                0x08012f3c                stepper_init
 .text.st_update_plan_block_parameters
                0x08012f4c       0x4c src/grbl/stepper.o
                0x08012f4c                st_update_plan_block_parameters
 .text.st_next_block_index
                0x08012f98       0x28 src/grbl/stepper.o
 .text.st_prep_buffer
                0x08012fc0      0x9fc src/grbl/stepper.o
                0x08012fc0                st_prep_buffer
 .text.init_stepperpins
                0x080139bc       0xc8 src/grbl/stepper.o
                0x080139bc                init_stepperpins
 .text.set_dir_pins
                0x08013a84       0x54 src/grbl/stepper.o
                0x08013a84                set_dir_pins
 .text.set_step_pins
                0x08013ad8       0x54 src/grbl/stepper.o
                0x08013ad8                set_step_pins
 .text.enable_timerint
                0x08013b2c       0x18 src/grbl/stepper.o
                0x08013b2c                enable_timerint
 .text.disable_timerint
                0x08013b44       0x18 src/grbl/stepper.o
                0x08013b44                disable_timerint
 .text.set_timerperiod
                0x08013b5c       0x1c src/grbl/stepper.o
                0x08013b5c                set_timerperiod
 .text.init_timer
                0x08013b78       0xbc src/grbl/stepper.o
                0x08013b78                init_timer
 .text.TIM2_IRQHandler
                0x08013c34       0x58 src/grbl/stepper.o
                0x08013c34                TIM2_IRQHandler
 .text.DMA1_Stream7_IRQHandler
                0x08013c8c       0x28 src/grbl/stepper.o
                0x08013c8c                DMA1_Stream7_IRQHandler
 .text.enable_steppers
                0x08013cb4       0x10 src/grbl/stepper.o
                0x08013cb4                enable_steppers
 .text.system_init
                0x08013cc4       0x10 src/grbl/system.o
                0x08013cc4                system_init
 .text.system_control_get_state
                0x08013cd4       0x1c src/grbl/system.o
                0x08013cd4                system_control_get_state
 .text.control_pin_check
                0x08013cf0       0x80 src/grbl/system.o
                0x08013cf0                control_pin_check
 .text.system_check_safety_door_ajar
                0x08013d70       0x10 src/grbl/system.o
                0x08013d70                system_check_safety_door_ajar
 .text.system_execute_startup
                0x08013d80       0x58 src/grbl/system.o
                0x08013d80                system_execute_startup
 .text.system_execute_line
                0x08013dd8      0x4d8 src/grbl/system.o
                0x08013dd8                system_execute_line
 .text.system_convert_axis_steps_to_mpos
                0x080142b0       0x4c src/grbl/system.o
                0x080142b0                system_convert_axis_steps_to_mpos
 .text.system_convert_array_steps_to_mpos
                0x080142fc       0x40 src/grbl/system.o
                0x080142fc                system_convert_array_steps_to_mpos
 .text.system_set_exec_state_flag
                0x0801433c       0x40 src/grbl/system.o
                0x0801433c                system_set_exec_state_flag
 .text.system_clear_exec_state_flag
                0x0801437c       0x48 src/grbl/system.o
                0x0801437c                system_clear_exec_state_flag
 .text.system_set_exec_alarm_flag
                0x080143c4       0x40 src/grbl/system.o
                0x080143c4                system_set_exec_alarm_flag
 .text.system_clear_exec_alarm_flag
                0x08014404       0x48 src/grbl/system.o
                0x08014404                system_clear_exec_alarm_flag
 .text.eeprom_get_char
                0x0801444c       0x40 src/avr/eeprom.o
                0x0801444c                eeprom_get_char
 .text.eraseflash
                0x0801448c       0x24 src/avr/eeprom.o
                0x0801448c                eraseflash
 .text.progflash
                0x080144b0       0x4c src/avr/eeprom.o
                0x080144b0                progflash
 .text.eeprom_put_char
                0x080144fc       0x28 src/avr/eeprom.o
                0x080144fc                eeprom_put_char
 .text.memcpy_to_eeprom_with_checksum
                0x08014524       0x70 src/avr/eeprom.o
                0x08014524                memcpy_to_eeprom_with_checksum
 .text.memcpy_from_eeprom_with_checksum
                0x08014594       0x78 src/avr/eeprom.o
                0x08014594                memcpy_from_eeprom_with_checksum
 .text.NVIC_Init
                0x0801460c       0xc4 StdPeriph_Driver/src/misc.o
                0x0801460c                NVIC_Init
 .text.FLASH_Unlock
                0x080146d0       0x30 StdPeriph_Driver/src/stm32f4xx_flash.o
                0x080146d0                FLASH_Unlock
 .text.FLASH_Lock
                0x08014700       0x20 StdPeriph_Driver/src/stm32f4xx_flash.o
                0x08014700                FLASH_Lock
 .text.FLASH_EraseSector
                0x08014720       0xc0 StdPeriph_Driver/src/stm32f4xx_flash.o
                0x08014720                FLASH_EraseSector
 .text.FLASH_ProgramByte
                0x080147e0       0x68 StdPeriph_Driver/src/stm32f4xx_flash.o
                0x080147e0                FLASH_ProgramByte
 .text.FLASH_GetStatus
                0x08014848       0x7c StdPeriph_Driver/src/stm32f4xx_flash.o
                0x08014848                FLASH_GetStatus
 .text.FLASH_WaitForLastOperation
                0x080148c4       0x30 StdPeriph_Driver/src/stm32f4xx_flash.o
                0x080148c4                FLASH_WaitForLastOperation
 .text.GPIO_Init
                0x080148f4      0x11c StdPeriph_Driver/src/stm32f4xx_gpio.o
                0x080148f4                GPIO_Init
 .text.GPIO_StructInit
                0x08014a10       0x34 StdPeriph_Driver/src/stm32f4xx_gpio.o
                0x08014a10                GPIO_StructInit
 .text.GPIO_ReadInputDataBit
                0x08014a44       0x34 StdPeriph_Driver/src/stm32f4xx_gpio.o
                0x08014a44                GPIO_ReadInputDataBit
 .text.GPIO_WriteBit
                0x08014a78       0x30 StdPeriph_Driver/src/stm32f4xx_gpio.o
                0x08014a78                GPIO_WriteBit
 .text.GPIO_PinAFConfig
                0x08014aa8       0x94 StdPeriph_Driver/src/stm32f4xx_gpio.o
                0x08014aa8                GPIO_PinAFConfig
 .text.RCC_GetClocksFreq
                0x08014b3c      0x154 StdPeriph_Driver/src/stm32f4xx_rcc.o
                0x08014b3c                RCC_GetClocksFreq
 .text.RCC_AHB1PeriphClockCmd
                0x08014c90       0x40 StdPeriph_Driver/src/stm32f4xx_rcc.o
                0x08014c90                RCC_AHB1PeriphClockCmd
 .text.RCC_APB1PeriphClockCmd
                0x08014cd0       0x40 StdPeriph_Driver/src/stm32f4xx_rcc.o
                0x08014cd0                RCC_APB1PeriphClockCmd
 .text.RCC_APB1PeriphClockLPModeCmd
                0x08014d10       0x40 StdPeriph_Driver/src/stm32f4xx_rcc.o
                0x08014d10                RCC_APB1PeriphClockLPModeCmd
 .text.TIM_TimeBaseInit
                0x08014d50       0xd8 StdPeriph_Driver/src/stm32f4xx_tim.o
                0x08014d50                TIM_TimeBaseInit
 .text.TIM_TimeBaseStructInit
                0x08014e28       0x34 StdPeriph_Driver/src/stm32f4xx_tim.o
                0x08014e28                TIM_TimeBaseStructInit
 .text.TIM_ARRPreloadConfig
                0x08014e5c       0x40 StdPeriph_Driver/src/stm32f4xx_tim.o
                0x08014e5c                TIM_ARRPreloadConfig
 .text.TIM_Cmd  0x08014e9c       0x40 StdPeriph_Driver/src/stm32f4xx_tim.o
                0x08014e9c                TIM_Cmd
 .text.TIM_OC3Init
                0x08014edc      0x10c StdPeriph_Driver/src/stm32f4xx_tim.o
                0x08014edc                TIM_OC3Init
 .text.TIM_OCStructInit
                0x08014fe8       0x44 StdPeriph_Driver/src/stm32f4xx_tim.o
                0x08014fe8                TIM_OCStructInit
 .text.TIM_SetCompare1
                0x0801502c       0x1c StdPeriph_Driver/src/stm32f4xx_tim.o
                0x0801502c                TIM_SetCompare1
 .text.TIM_SetCompare3
                0x08015048       0x1c StdPeriph_Driver/src/stm32f4xx_tim.o
                0x08015048                TIM_SetCompare3
 .text.TIM_ITConfig
                0x08015064       0x48 StdPeriph_Driver/src/stm32f4xx_tim.o
                0x08015064                TIM_ITConfig
 .text.TIM_GetITStatus
                0x080150ac       0x54 StdPeriph_Driver/src/stm32f4xx_tim.o
                0x080150ac                TIM_GetITStatus
 .text.TIM_ClearITPendingBit
                0x08015100       0x24 StdPeriph_Driver/src/stm32f4xx_tim.o
                0x08015100                TIM_ClearITPendingBit
 .text.USART_Init
                0x08015124      0x178 StdPeriph_Driver/src/stm32f4xx_usart.o
                0x08015124                USART_Init
 .text.USART_ClockInit
                0x0801529c       0x58 StdPeriph_Driver/src/stm32f4xx_usart.o
                0x0801529c                USART_ClockInit
 .text.USART_ClockStructInit
                0x080152f4       0x2c StdPeriph_Driver/src/stm32f4xx_usart.o
                0x080152f4                USART_ClockStructInit
 .text.USART_Cmd
                0x08015320       0x40 StdPeriph_Driver/src/stm32f4xx_usart.o
                0x08015320                USART_Cmd
 .text.USART_SendData
                0x08015360       0x24 StdPeriph_Driver/src/stm32f4xx_usart.o
                0x08015360                USART_SendData
 .text.USART_ReceiveData
                0x08015384       0x20 StdPeriph_Driver/src/stm32f4xx_usart.o
                0x08015384                USART_ReceiveData
 .text.USART_ITConfig
                0x080153a4       0x90 StdPeriph_Driver/src/stm32f4xx_usart.o
                0x080153a4                USART_ITConfig
 .text.USART_GetFlagStatus
                0x08015434       0x38 StdPeriph_Driver/src/stm32f4xx_usart.o
                0x08015434                USART_GetFlagStatus
 .text.__errno  0x0801546c        0xc c:/ac6/systemworkbench/plugins/fr.ac6.mcu.externaltools.arm-none.win32_1.7.0.201602121829/tools/compiler/bin/../lib/gcc/arm-none-eabi/5.2.1/../../../../arm-none-eabi/lib/armv7e-m/fpu\libc.a(lib_a-errno.o)
                0x0801546c                __errno
 .text.__libc_init_array
                0x08015478       0x50 c:/ac6/systemworkbench/plugins/fr.ac6.mcu.externaltools.arm-none.win32_1.7.0.201602121829/tools/compiler/bin/../lib/gcc/arm-none-eabi/5.2.1/../../../../arm-none-eabi/lib/armv7e-m/fpu\libc.a(lib_a-init.o)
                0x08015478                __libc_init_array
 .text.memset   0x080154c8       0x9c c:/ac6/systemworkbench/plugins/fr.ac6.mcu.externaltools.arm-none.win32_1.7.0.201602121829/tools/compiler/bin/../lib/gcc/arm-none-eabi/5.2.1/../../../../arm-none-eabi/lib/armv7e-m/fpu\libc.a(lib_a-memset.o)
                0x080154c8                memset
 .text.startup.register_fini
                0x08015564       0x14 c:/ac6/systemworkbench/plugins/fr.ac6.mcu.externaltools.arm-none.win32_1.7.0.201602121829/tools/compiler/bin/../lib/gcc/arm-none-eabi/5.2.1/../../../../arm-none-eabi/lib/armv7e-m/fpu\libc.a(lib_a-__call_atexit.o)
 .text.atexit   0x08015578        0xc c:/ac6/systemworkbench/plugins/fr.ac6.mcu.externaltools.arm-none.win32_1.7.0.201602121829/tools/compiler/bin/../lib/gcc/arm-none-eabi/5.2.1/../../../../arm-none-eabi/lib/armv7e-m/fpu\libc.a(lib_a-atexit.o)
                0x08015578                atexit
 .text.__libc_fini_array
                0x08015584       0x28 c:/ac6/systemworkbench/plugins/fr.ac6.mcu.externaltools.arm-none.win32_1.7.0.201602121829/tools/compiler/bin/../lib/gcc/arm-none-eabi/5.2.1/../../../../arm-none-eabi/lib/armv7e-m/fpu\libc.a(lib_a-fini.o)
                0x08015584                __libc_fini_array
 .text.__register_exitproc
                0x080155ac       0xa4 c:/ac6/systemworkbench/plugins/fr.ac6.mcu.externaltools.arm-none.win32_1.7.0.201602121829/tools/compiler/bin/../lib/gcc/arm-none-eabi/5.2.1/../../../../arm-none-eabi/lib/armv7e-m/fpu\libc.a(lib_a-__atexit.o)
                0x080155ac                __register_exitproc
 .text.ceil     0x08015650      0x120 c:/ac6/systemworkbench/plugins/fr.ac6.mcu.externaltools.arm-none.win32_1.7.0.201602121829/tools/compiler/bin/../lib/gcc/arm-none-eabi/5.2.1/../../../../arm-none-eabi/lib/armv7e-m/fpu\libm.a(lib_a-s_ceil.o)
                0x08015650                ceil
 .text.cos      0x08015770       0xc0 c:/ac6/systemworkbench/plugins/fr.ac6.mcu.externaltools.arm-none.win32_1.7.0.201602121829/tools/compiler/bin/../lib/gcc/arm-none-eabi/5.2.1/../../../../arm-none-eabi/lib/armv7e-m/fpu\libm.a(lib_a-s_cos.o)
                0x08015770                cos
 .text.floor    0x08015830      0x120 c:/ac6/systemworkbench/plugins/fr.ac6.mcu.externaltools.arm-none.win32_1.7.0.201602121829/tools/compiler/bin/../lib/gcc/arm-none-eabi/5.2.1/../../../../arm-none-eabi/lib/armv7e-m/fpu\libm.a(lib_a-s_floor.o)
                0x08015830                floor
 .text.lround   0x08015950       0xa8 c:/ac6/systemworkbench/plugins/fr.ac6.mcu.externaltools.arm-none.win32_1.7.0.201602121829/tools/compiler/bin/../lib/gcc/arm-none-eabi/5.2.1/../../../../arm-none-eabi/lib/armv7e-m/fpu\libm.a(lib_a-s_lround.o)
                0x08015950                lround
 .text.round    0x080159f8       0xb0 c:/ac6/systemworkbench/plugins/fr.ac6.mcu.externaltools.arm-none.win32_1.7.0.201602121829/tools/compiler/bin/../lib/gcc/arm-none-eabi/5.2.1/../../../../arm-none-eabi/lib/armv7e-m/fpu\libm.a(lib_a-s_round.o)
                0x080159f8                round
 .text.sin      0x08015aa8       0xc0 c:/ac6/systemworkbench/plugins/fr.ac6.mcu.externaltools.arm-none.win32_1.7.0.201602121829/tools/compiler/bin/../lib/gcc/arm-none-eabi/5.2.1/../../../../arm-none-eabi/lib/armv7e-m/fpu\libm.a(lib_a-s_sin.o)
                0x08015aa8                sin
 .text.trunc    0x08015b68       0x78 c:/ac6/systemworkbench/plugins/fr.ac6.mcu.externaltools.arm-none.win32_1.7.0.201602121829/tools/compiler/bin/../lib/gcc/arm-none-eabi/5.2.1/../../../../arm-none-eabi/lib/armv7e-m/fpu\libm.a(lib_a-s_trunc.o)
                0x08015b68                trunc
 .text.atan2    0x08015be0        0x4 c:/ac6/systemworkbench/plugins/fr.ac6.mcu.externaltools.arm-none.win32_1.7.0.201602121829/tools/compiler/bin/../lib/gcc/arm-none-eabi/5.2.1/../../../../arm-none-eabi/lib/armv7e-m/fpu\libm.a(lib_a-w_atan2.o)
                0x08015be0                atan2
 .text.sqrt     0x08015be4       0xbc c:/ac6/systemworkbench/plugins/fr.ac6.mcu.externaltools.arm-none.win32_1.7.0.201602121829/tools/compiler/bin/../lib/gcc/arm-none-eabi/5.2.1/../../../../arm-none-eabi/lib/armv7e-m/fpu\libm.a(lib_a-w_sqrt.o)
                0x08015be4                sqrt
 .text.__ieee754_atan2
                0x08015ca0      0x1ec c:/ac6/systemworkbench/plugins/fr.ac6.mcu.externaltools.arm-none.win32_1.7.0.201602121829/tools/compiler/bin/../lib/gcc/arm-none-eabi/5.2.1/../../../../arm-none-eabi/lib/armv7e-m/fpu\libm.a(lib_a-e_atan2.o)
                0x08015ca0                __ieee754_atan2
 *fill*         0x08015e8c        0x4 
 .text.__ieee754_rem_pio2
                0x08015e90      0x44c c:/ac6/systemworkbench/plugins/fr.ac6.mcu.externaltools.arm-none.win32_1.7.0.201602121829/tools/compiler/bin/../lib/gcc/arm-none-eabi/5.2.1/../../../../arm-none-eabi/lib/armv7e-m/fpu\libm.a(lib_a-e_rem_pio2.o)
                0x08015e90                __ieee754_rem_pio2
 .text.__ieee754_sqrt
                0x080162dc      0x1a0 c:/ac6/systemworkbench/plugins/fr.ac6.mcu.externaltools.arm-none.win32_1.7.0.201602121829/tools/compiler/bin/../lib/gcc/arm-none-eabi/5.2.1/../../../../arm-none-eabi/lib/armv7e-m/fpu\libm.a(lib_a-e_sqrt.o)
                0x080162dc                __ieee754_sqrt
 *fill*         0x0801647c        0x4 
 .text.__kernel_cos
                0x08016480      0x284 c:/ac6/systemworkbench/plugins/fr.ac6.mcu.externaltools.arm-none.win32_1.7.0.201602121829/tools/compiler/bin/../lib/gcc/arm-none-eabi/5.2.1/../../../../arm-none-eabi/lib/armv7e-m/fpu\libm.a(lib_a-k_cos.o)
                0x08016480                __kernel_cos
 *fill*         0x08016704        0x4 
 .text.__kernel_rem_pio2
                0x08016708      0x820 c:/ac6/systemworkbench/plugins/fr.ac6.mcu.externaltools.arm-none.win32_1.7.0.201602121829/tools/compiler/bin/../lib/gcc/arm-none-eabi/5.2.1/../../../../arm-none-eabi/lib/armv7e-m/fpu\libm.a(lib_a-k_rem_pio2.o)
                0x08016708                __kernel_rem_pio2
 .text.__kernel_sin
                0x08016f28      0x194 c:/ac6/systemworkbench/plugins/fr.ac6.mcu.externaltools.arm-none.win32_1.7.0.201602121829/tools/compiler/bin/../lib/gcc/arm-none-eabi/5.2.1/../../../../arm-none-eabi/lib/armv7e-m/fpu\libm.a(lib_a-k_sin.o)
                0x08016f28                __kernel_sin
 *fill*         0x080170bc        0x4 
 .text.atan     0x080170c0      0x378 c:/ac6/systemworkbench/plugins/fr.ac6.mcu.externaltools.arm-none.win32_1.7.0.201602121829/tools/compiler/bin/../lib/gcc/arm-none-eabi/5.2.1/../../../../arm-none-eabi/lib/armv7e-m/fpu\libm.a(lib_a-s_atan.o)
                0x080170c0                atan
 .text.fabs     0x08017438       0x10 c:/ac6/systemworkbench/plugins/fr.ac6.mcu.externaltools.arm-none.win32_1.7.0.201602121829/tools/compiler/bin/../lib/gcc/arm-none-eabi/5.2.1/../../../../arm-none-eabi/lib/armv7e-m/fpu\libm.a(lib_a-s_fabs.o)
                0x08017438                fabs
 .text.__fpclassifyd
                0x08017448       0x5c c:/ac6/systemworkbench/plugins/fr.ac6.mcu.externaltools.arm-none.win32_1.7.0.201602121829/tools/compiler/bin/../lib/gcc/arm-none-eabi/5.2.1/../../../../arm-none-eabi/lib/armv7e-m/fpu\libm.a(lib_a-s_fpclassify.o)
                0x08017448                __fpclassifyd
 .text.matherr  0x080174a4        0x4 c:/ac6/systemworkbench/plugins/fr.ac6.mcu.externaltools.arm-none.win32_1.7.0.201602121829/tools/compiler/bin/../lib/gcc/arm-none-eabi/5.2.1/../../../../arm-none-eabi/lib/armv7e-m/fpu\libm.a(lib_a-s_matherr.o)
                0x080174a4                matherr
 .text.scalbn   0x080174a8      0x10c c:/ac6/systemworkbench/plugins/fr.ac6.mcu.externaltools.arm-none.win32_1.7.0.201602121829/tools/compiler/bin/../lib/gcc/arm-none-eabi/5.2.1/../../../../arm-none-eabi/lib/armv7e-m/fpu\libm.a(lib_a-s_scalbn.o)
                0x080174a8                scalbn
 .text.copysign
                0x080175b4       0x1c c:/ac6/systemworkbench/plugins/fr.ac6.mcu.externaltools.arm-none.win32_1.7.0.201602121829/tools/compiler/bin/../lib/gcc/arm-none-eabi/5.2.1/../../../../arm-none-eabi/lib/armv7e-m/fpu\libm.a(lib_a-s_copysign.o)
                0x080175b4                copysign
 *(.glue_7)
 .glue_7        0x080175d0        0x0 linker stubs
 *(.glue_7t)
 .glue_7t       0x080175d0        0x0 linker stubs
 *(.eh_frame)
 .eh_frame      0x080175d0        0x0 c:/ac6/systemworkbench/plugins/fr.ac6.mcu.externaltools.arm-none.win32_1.7.0.201602121829/tools/compiler/bin/../lib/gcc/arm-none-eabi/5.2.1/armv7e-m/fpu/crtbegin.o
 *(.init)
 .init          0x080175d0        0x4 c:/ac6/systemworkbench/plugins/fr.ac6.mcu.externaltools.arm-none.win32_1.7.0.201602121829/tools/compiler/bin/../lib/gcc/arm-none-eabi/5.2.1/armv7e-m/fpu/crti.o
                0x080175d0                _init
 .init          0x080175d4        0x8 c:/ac6/systemworkbench/plugins/fr.ac6.mcu.externaltools.arm-none.win32_1.7.0.201602121829/tools/compiler/bin/../lib/gcc/arm-none-eabi/5.2.1/armv7e-m/fpu/crtn.o
 *(.fini)
 .fini          0x080175dc        0x4 c:/ac6/systemworkbench/plugins/fr.ac6.mcu.externaltools.arm-none.win32_1.7.0.201602121829/tools/compiler/bin/../lib/gcc/arm-none-eabi/5.2.1/armv7e-m/fpu/crti.o
                0x080175dc                _fini
 .fini          0x080175e0        0x8 c:/ac6/systemworkbench/plugins/fr.ac6.mcu.externaltools.arm-none.win32_1.7.0.201602121829/tools/compiler/bin/../lib/gcc/arm-none-eabi/5.2.1/armv7e-m/fpu/crtn.o
                0x080175e8                . = ALIGN (0x4)
                0x080175e8                _etext = .

.vfp11_veneer   0x080175e8        0x0
 .vfp11_veneer  0x080175e8        0x0 linker stubs

.v4_bx          0x080175e8        0x0
 .v4_bx         0x080175e8        0x0 linker stubs

.iplt           0x080175e8        0x0
 .iplt          0x080175e8        0x0 c:/ac6/systemworkbench/plugins/fr.ac6.mcu.externaltools.arm-none.win32_1.7.0.201602121829/tools/compiler/bin/../lib/gcc/arm-none-eabi/5.2.1/armv7e-m/fpu/crtbegin.o

.rodata         0x080175e8      0x9d0
                0x080175e8                . = ALIGN (0x4)
 *(.rodata)
 .rodata        0x080175e8      0x7a4 src/grbl/report.o
 *(.rodata*)
 .rodata.str1.4
                0x08017d8c        0x2 c:/ac6/systemworkbench/plugins/fr.ac6.mcu.externaltools.arm-none.win32_1.7.0.201602121829/tools/compiler/bin/../lib/gcc/arm-none-eabi/5.2.1/../../../../arm-none-eabi/lib/armv7e-m/fpu\libc.a(lib_a-impure.o)
 *fill*         0x08017d8e        0x2 
 .rodata._global_impure_ptr
                0x08017d90        0x4 c:/ac6/systemworkbench/plugins/fr.ac6.mcu.externaltools.arm-none.win32_1.7.0.201602121829/tools/compiler/bin/../lib/gcc/arm-none-eabi/5.2.1/../../../../arm-none-eabi/lib/armv7e-m/fpu\libc.a(lib_a-impure.o)
                0x08017d90                _global_impure_ptr
 .rodata.str1.4
                0x08017d94        0x8 c:/ac6/systemworkbench/plugins/fr.ac6.mcu.externaltools.arm-none.win32_1.7.0.201602121829/tools/compiler/bin/../lib/gcc/arm-none-eabi/5.2.1/../../../../arm-none-eabi/lib/armv7e-m/fpu\libm.a(lib_a-w_sqrt.o)
                                  0x5 (size before relaxing)
 .rodata.npio2_hw
                0x08017d9c       0x80 c:/ac6/systemworkbench/plugins/fr.ac6.mcu.externaltools.arm-none.win32_1.7.0.201602121829/tools/compiler/bin/../lib/gcc/arm-none-eabi/5.2.1/../../../../arm-none-eabi/lib/armv7e-m/fpu\libm.a(lib_a-e_rem_pio2.o)
 .rodata.two_over_pi
                0x08017e1c      0x108 c:/ac6/systemworkbench/plugins/fr.ac6.mcu.externaltools.arm-none.win32_1.7.0.201602121829/tools/compiler/bin/../lib/gcc/arm-none-eabi/5.2.1/../../../../arm-none-eabi/lib/armv7e-m/fpu\libm.a(lib_a-e_rem_pio2.o)
 .rodata.init_jk
                0x08017f24       0x10 c:/ac6/systemworkbench/plugins/fr.ac6.mcu.externaltools.arm-none.win32_1.7.0.201602121829/tools/compiler/bin/../lib/gcc/arm-none-eabi/5.2.1/../../../../arm-none-eabi/lib/armv7e-m/fpu\libm.a(lib_a-k_rem_pio2.o)
 *fill*         0x08017f34        0x4 
 .rodata.PIo2   0x08017f38       0x40 c:/ac6/systemworkbench/plugins/fr.ac6.mcu.externaltools.arm-none.win32_1.7.0.201602121829/tools/compiler/bin/../lib/gcc/arm-none-eabi/5.2.1/../../../../arm-none-eabi/lib/armv7e-m/fpu\libm.a(lib_a-k_rem_pio2.o)
 .rodata.atanlo
                0x08017f78       0x20 c:/ac6/systemworkbench/plugins/fr.ac6.mcu.externaltools.arm-none.win32_1.7.0.201602121829/tools/compiler/bin/../lib/gcc/arm-none-eabi/5.2.1/../../../../arm-none-eabi/lib/armv7e-m/fpu\libm.a(lib_a-s_atan.o)
 .rodata.atanhi
                0x08017f98       0x20 c:/ac6/systemworkbench/plugins/fr.ac6.mcu.externaltools.arm-none.win32_1.7.0.201602121829/tools/compiler/bin/../lib/gcc/arm-none-eabi/5.2.1/../../../../arm-none-eabi/lib/armv7e-m/fpu\libm.a(lib_a-s_atan.o)
                0x08017fb8                . = ALIGN (0x4)

.rel.dyn        0x08017fb8        0x0
 .rel.iplt      0x08017fb8        0x0 c:/ac6/systemworkbench/plugins/fr.ac6.mcu.externaltools.arm-none.win32_1.7.0.201602121829/tools/compiler/bin/../lib/gcc/arm-none-eabi/5.2.1/armv7e-m/fpu/crtbegin.o

.ARM.extab
 *(.ARM.extab* .gnu.linkonce.armextab.*)

.ARM            0x08017fb8        0x0
                0x08017fb8                __exidx_start = .
 *(.ARM.exidx*)
                0x08017fb8                __exidx_end = .

.preinit_array  0x08017fb8        0x0
                0x08017fb8                PROVIDE (__preinit_array_start, .)
 *(.preinit_array*)
                0x08017fb8                PROVIDE (__preinit_array_end, .)

.init_array     0x08017fb8        0x8
                0x08017fb8                PROVIDE (__init_array_start, .)
 *(SORT(.init_array.*))
 .init_array.00000
                0x08017fb8        0x4 c:/ac6/systemworkbench/plugins/fr.ac6.mcu.externaltools.arm-none.win32_1.7.0.201602121829/tools/compiler/bin/../lib/gcc/arm-none-eabi/5.2.1/../../../../arm-none-eabi/lib/armv7e-m/fpu\libc.a(lib_a-__call_atexit.o)
 *(.init_array*)
 .init_array    0x08017fbc        0x4 c:/ac6/systemworkbench/plugins/fr.ac6.mcu.externaltools.arm-none.win32_1.7.0.201602121829/tools/compiler/bin/../lib/gcc/arm-none-eabi/5.2.1/armv7e-m/fpu/crtbegin.o
                0x08017fc0                PROVIDE (__init_array_end, .)

.fini_array     0x08017fc0        0x4
                0x08017fc0                PROVIDE (__fini_array_start, .)
 *(SORT(.fini_array.*))
 *(.fini_array*)
 .fini_array    0x08017fc0        0x4 c:/ac6/systemworkbench/plugins/fr.ac6.mcu.externaltools.arm-none.win32_1.7.0.201602121829/tools/compiler/bin/../lib/gcc/arm-none-eabi/5.2.1/armv7e-m/fpu/crtbegin.o
                0x08017fc4                PROVIDE (__fini_array_end, .)
                0x08017fc4                _sidata = LOADADDR (.data)

.data           0x20000000      0x448 load address 0x08017fc4
                0x20000000                . = ALIGN (0x4)
                0x20000000                _sdata = .
 *(.data)
 .data          0x20000000        0x4 src/avr/eeprom.o
 .data          0x20000004       0x10 StdPeriph_Driver/src/stm32f4xx_rcc.o
 *(.data*)
 *fill*         0x20000014        0x4 
 .data.impure_data
                0x20000018      0x428 c:/ac6/systemworkbench/plugins/fr.ac6.mcu.externaltools.arm-none.win32_1.7.0.201602121829/tools/compiler/bin/../lib/gcc/arm-none-eabi/5.2.1/../../../../arm-none-eabi/lib/armv7e-m/fpu\libc.a(lib_a-impure.o)
 .data._impure_ptr
                0x20000440        0x4 c:/ac6/systemworkbench/plugins/fr.ac6.mcu.externaltools.arm-none.win32_1.7.0.201602121829/tools/compiler/bin/../lib/gcc/arm-none-eabi/5.2.1/../../../../arm-none-eabi/lib/armv7e-m/fpu\libc.a(lib_a-impure.o)
                0x20000440                _impure_ptr
 .data.__fdlib_version
                0x20000444        0x1 c:/ac6/systemworkbench/plugins/fr.ac6.mcu.externaltools.arm-none.win32_1.7.0.201602121829/tools/compiler/bin/../lib/gcc/arm-none-eabi/5.2.1/../../../../arm-none-eabi/lib/armv7e-m/fpu\libm.a(lib_a-s_lib_ver.o)
                0x20000444                __fdlib_version
                0x20000448                . = ALIGN (0x4)
 *fill*         0x20000445        0x3 
                0x20000448                _edata = .

.jcr            0x20000448        0x0 load address 0x0801840c
 .jcr           0x20000448        0x0 c:/ac6/systemworkbench/plugins/fr.ac6.mcu.externaltools.arm-none.win32_1.7.0.201602121829/tools/compiler/bin/../lib/gcc/arm-none-eabi/5.2.1/armv7e-m/fpu/crtbegin.o

.tm_clone_table
                0x20000448        0x0 load address 0x0801840c
 .tm_clone_table
                0x20000448        0x0 c:/ac6/systemworkbench/plugins/fr.ac6.mcu.externaltools.arm-none.win32_1.7.0.201602121829/tools/compiler/bin/../lib/gcc/arm-none-eabi/5.2.1/armv7e-m/fpu/crtbegin.o
 .tm_clone_table
                0x20000448        0x0 c:/ac6/systemworkbench/plugins/fr.ac6.mcu.externaltools.arm-none.win32_1.7.0.201602121829/tools/compiler/bin/../lib/gcc/arm-none-eabi/5.2.1/armv7e-m/fpu/crtend.o

.igot.plt       0x20000448        0x0 load address 0x0801840c
 .igot.plt      0x20000448        0x0 c:/ac6/systemworkbench/plugins/fr.ac6.mcu.externaltools.arm-none.win32_1.7.0.201602121829/tools/compiler/bin/../lib/gcc/arm-none-eabi/5.2.1/armv7e-m/fpu/crtbegin.o
                0x20000448                . = ALIGN (0x4)

.bss            0x20000448     0x1678 load address 0x0801840c
                0x20000448                _sbss = .
                0x20000448                __bss_start__ = _sbss
 *(.bss)
 .bss           0x20000448       0x1c c:/ac6/systemworkbench/plugins/fr.ac6.mcu.externaltools.arm-none.win32_1.7.0.201602121829/tools/compiler/bin/../lib/gcc/arm-none-eabi/5.2.1/armv7e-m/fpu/crtbegin.o
 .bss           0x20000464        0x1 src/grbl/limits.o
 *fill*         0x20000465        0x3 
 .bss           0x20000468      0x338 src/grbl/planner.o
 .bss           0x200007a0       0x50 src/grbl/protocol.o
 .bss           0x200007f0        0x4 src/grbl/serial.o
                0x200007f0                serial_rx_buffer_head
                0x200007f1                serial_rx_buffer_tail
                0x200007f2                serial_tx_buffer_head
                0x200007f3                serial_tx_buffer_tail
 .bss           0x200007f4      0x100 src/grbl/stepper.o
                0x200008f0                timerrunning
 .bss           0x200008f4        0x1 src/grbl/system.o
 *(.bss*)
 *(COMMON)
 COMMON         0x200008f5        0x3 src/grbl/coolant_control.o
                0x200008f5                sys_rt_exec_state
                0x200008f6                sys_probe_state
                0x200008f7                sys_rt_exec_alarm
 COMMON         0x200008f8       0x84 src/grbl/gcode.o
                0x200008f8                gc_state
                0x2000093c                gc_block
 COMMON         0x2000097c        0x4 src/grbl/limits.o
                0x2000097c                limitintison
 COMMON         0x20000980       0x20 src/grbl/main.o
                0x20000980                sys
 COMMON         0x200009a0        0x1 src/grbl/probe.o
                0x200009a0                probe_invert_mask
 *fill*         0x200009a1        0x3 
 COMMON         0x200009a4       0xc0 src/grbl/serial.o
                0x200009a4                serial_tx_buffer
                0x200009e4                serial_rx_buffer
 COMMON         0x20000a64       0x5c src/grbl/settings.o
                0x20000a64                settings
 COMMON         0x20000ac0     0x1000 src/avr/eeprom.o
                0x20000ac0                eeprom
                0x20001ac0                . = ALIGN (0x4)
                0x20001ac0                _ebss = .
                0x20001ac0                __bss_end__ = _ebss

._user_heap_stack
                0x20001ac0      0x600 load address 0x0801840c
                0x20001ac0                . = ALIGN (0x8)
                0x20001ac0                PROVIDE (end, .)
                [!provide]                PROVIDE (_end, .)
                0x20001cc0                . = (. + _Min_Heap_Size)
 *fill*         0x20001ac0      0x200 
                0x200020c0                . = (. + _Min_Stack_Size)
 *fill*         0x20001cc0      0x400 
                0x200020c0                . = ALIGN (0x8)

/DISCARD/
 libc.a(*)
 libm.a(*)
 libgcc.a(*)

.ARM.attributes
                0x00000000       0x30
 *(.ARM.attributes)
 .ARM.attributes
                0x00000000       0x22 c:/ac6/systemworkbench/plugins/fr.ac6.mcu.externaltools.arm-none.win32_1.7.0.201602121829/tools/compiler/bin/../lib/gcc/arm-none-eabi/5.2.1/armv7e-m/fpu/crti.o
 .ARM.attributes
                0x00000022       0x34 c:/ac6/systemworkbench/plugins/fr.ac6.mcu.externaltools.arm-none.win32_1.7.0.201602121829/tools/compiler/bin/../lib/gcc/arm-none-eabi/5.2.1/armv7e-m/fpu/crtbegin.o
 .ARM.attributes
                0x00000056       0x21 startup/startup_stm32f411xe.o
 .ARM.attributes
                0x00000077       0x39 src/util/delay.o
 .ARM.attributes
                0x000000b0       0x39 src/system_stm32f4xx.o
 .ARM.attributes
                0x000000e9       0x39 src/grbl/coolant_control.o
 .ARM.attributes
                0x00000122       0x39 src/grbl/gcode.o
 .ARM.attributes
                0x0000015b       0x39 src/grbl/limits.o
 .ARM.attributes
                0x00000194       0x39 src/grbl/main.o
 .ARM.attributes
                0x000001cd       0x39 src/grbl/motion_control.o
 .ARM.attributes
                0x00000206       0x39 src/grbl/nuts_bolts.o
 .ARM.attributes
                0x0000023f       0x39 src/grbl/planner.o
 .ARM.attributes
                0x00000278       0x39 src/grbl/print.o
 .ARM.attributes
                0x000002b1       0x39 src/grbl/probe.o
 .ARM.attributes
                0x000002ea       0x39 src/grbl/protocol.o
 .ARM.attributes
                0x00000323       0x39 src/grbl/report.o
 .ARM.attributes
                0x0000035c       0x39 src/grbl/serial.o
 .ARM.attributes
                0x00000395       0x39 src/grbl/settings.o
 .ARM.attributes
                0x000003ce       0x39 src/grbl/spindle_control.o
 .ARM.attributes
                0x00000407       0x39 src/grbl/stepper.o
 .ARM.attributes
                0x00000440       0x39 src/grbl/system.o
 .ARM.attributes
                0x00000479       0x39 src/avr/eeprom.o
 .ARM.attributes
                0x000004b2       0x39 StdPeriph_Driver/src/misc.o
 .ARM.attributes
                0x000004eb       0x39 StdPeriph_Driver/src/stm32f4xx_flash.o
 .ARM.attributes
                0x00000524       0x39 StdPeriph_Driver/src/stm32f4xx_gpio.o
 .ARM.attributes
                0x0000055d       0x39 StdPeriph_Driver/src/stm32f4xx_rcc.o
 .ARM.attributes
                0x00000596       0x39 StdPeriph_Driver/src/stm32f4xx_tim.o
 .ARM.attributes
                0x000005cf       0x39 StdPeriph_Driver/src/stm32f4xx_usart.o
 .ARM.attributes
                0x00000608       0x22 c:/ac6/systemworkbench/plugins/fr.ac6.mcu.externaltools.arm-none.win32_1.7.0.201602121829/tools/compiler/bin/../lib/gcc/arm-none-eabi/5.2.1/armv7e-m/fpu\libgcc.a(_arm_addsubdf3.o)
 .ARM.attributes
                0x0000062a       0x22 c:/ac6/systemworkbench/plugins/fr.ac6.mcu.externaltools.arm-none.win32_1.7.0.201602121829/tools/compiler/bin/../lib/gcc/arm-none-eabi/5.2.1/armv7e-m/fpu\libgcc.a(_arm_muldivdf3.o)
 .ARM.attributes
                0x0000064c       0x22 c:/ac6/systemworkbench/plugins/fr.ac6.mcu.externaltools.arm-none.win32_1.7.0.201602121829/tools/compiler/bin/../lib/gcc/arm-none-eabi/5.2.1/armv7e-m/fpu\libgcc.a(_arm_cmpdf2.o)
 .ARM.attributes
                0x0000066e       0x22 c:/ac6/systemworkbench/plugins/fr.ac6.mcu.externaltools.arm-none.win32_1.7.0.201602121829/tools/compiler/bin/../lib/gcc/arm-none-eabi/5.2.1/armv7e-m/fpu\libgcc.a(_arm_fixdfsi.o)
 .ARM.attributes
                0x00000690       0x22 c:/ac6/systemworkbench/plugins/fr.ac6.mcu.externaltools.arm-none.win32_1.7.0.201602121829/tools/compiler/bin/../lib/gcc/arm-none-eabi/5.2.1/armv7e-m/fpu\libgcc.a(_arm_fixunsdfsi.o)
 .ARM.attributes
                0x000006b2       0x22 c:/ac6/systemworkbench/plugins/fr.ac6.mcu.externaltools.arm-none.win32_1.7.0.201602121829/tools/compiler/bin/../lib/gcc/arm-none-eabi/5.2.1/armv7e-m/fpu\libgcc.a(_arm_truncdfsf2.o)
 .ARM.attributes
                0x000006d4       0x34 c:/ac6/systemworkbench/plugins/fr.ac6.mcu.externaltools.arm-none.win32_1.7.0.201602121829/tools/compiler/bin/../lib/gcc/arm-none-eabi/5.2.1/../../../../arm-none-eabi/lib/armv7e-m/fpu\libc.a(lib_a-errno.o)
 .ARM.attributes
                0x00000708       0x34 c:/ac6/systemworkbench/plugins/fr.ac6.mcu.externaltools.arm-none.win32_1.7.0.201602121829/tools/compiler/bin/../lib/gcc/arm-none-eabi/5.2.1/../../../../arm-none-eabi/lib/armv7e-m/fpu\libc.a(lib_a-impure.o)
 .ARM.attributes
                0x0000073c       0x34 c:/ac6/systemworkbench/plugins/fr.ac6.mcu.externaltools.arm-none.win32_1.7.0.201602121829/tools/compiler/bin/../lib/gcc/arm-none-eabi/5.2.1/../../../../arm-none-eabi/lib/armv7e-m/fpu\libc.a(lib_a-init.o)
 .ARM.attributes
                0x00000770       0x20 c:/ac6/systemworkbench/plugins/fr.ac6.mcu.externaltools.arm-none.win32_1.7.0.201602121829/tools/compiler/bin/../lib/gcc/arm-none-eabi/5.2.1/../../../../arm-none-eabi/lib/armv7e-m/fpu\libc.a(lib_a-memcpy.o)
 .ARM.attributes
                0x00000790       0x34 c:/ac6/systemworkbench/plugins/fr.ac6.mcu.externaltools.arm-none.win32_1.7.0.201602121829/tools/compiler/bin/../lib/gcc/arm-none-eabi/5.2.1/../../../../arm-none-eabi/lib/armv7e-m/fpu\libc.a(lib_a-memset.o)
 .ARM.attributes
                0x000007c4       0x34 c:/ac6/systemworkbench/plugins/fr.ac6.mcu.externaltools.arm-none.win32_1.7.0.201602121829/tools/compiler/bin/../lib/gcc/arm-none-eabi/5.2.1/../../../../arm-none-eabi/lib/armv7e-m/fpu\libc.a(lib_a-__call_atexit.o)
 .ARM.attributes
                0x000007f8       0x34 c:/ac6/systemworkbench/plugins/fr.ac6.mcu.externaltools.arm-none.win32_1.7.0.201602121829/tools/compiler/bin/../lib/gcc/arm-none-eabi/5.2.1/../../../../arm-none-eabi/lib/armv7e-m/fpu\libc.a(lib_a-atexit.o)
 .ARM.attributes
                0x0000082c       0x34 c:/ac6/systemworkbench/plugins/fr.ac6.mcu.externaltools.arm-none.win32_1.7.0.201602121829/tools/compiler/bin/../lib/gcc/arm-none-eabi/5.2.1/../../../../arm-none-eabi/lib/armv7e-m/fpu\libc.a(lib_a-fini.o)
 .ARM.attributes
                0x00000860       0x34 c:/ac6/systemworkbench/plugins/fr.ac6.mcu.externaltools.arm-none.win32_1.7.0.201602121829/tools/compiler/bin/../lib/gcc/arm-none-eabi/5.2.1/../../../../arm-none-eabi/lib/armv7e-m/fpu\libc.a(lib_a-__atexit.o)
 .ARM.attributes
                0x00000894       0x34 c:/ac6/systemworkbench/plugins/fr.ac6.mcu.externaltools.arm-none.win32_1.7.0.201602121829/tools/compiler/bin/../lib/gcc/arm-none-eabi/5.2.1/armv7e-m/fpu/crtend.o
 .ARM.attributes
                0x000008c8       0x22 c:/ac6/systemworkbench/plugins/fr.ac6.mcu.externaltools.arm-none.win32_1.7.0.201602121829/tools/compiler/bin/../lib/gcc/arm-none-eabi/5.2.1/armv7e-m/fpu/crtn.o
OUTPUT(grbl_stm32.elf elf32-littlearm)

.debug_line     0x00000000     0xe4ab
 .debug_line    0x00000000       0x7f startup/startup_stm32f411xe.o
 .debug_line    0x0000007f       0x63 src/util/delay.o
 .debug_line    0x000000e2      0x5d0 src/system_stm32f4xx.o
 .debug_line    0x000006b2      0x899 src/grbl/coolant_control.o
 .debug_line    0x00000f4b      0xcbf src/grbl/gcode.o
 .debug_line    0x00001c0a      0x9d7 src/grbl/limits.o
 .debug_line    0x000025e1      0x8b2 src/grbl/main.o
 .debug_line    0x00002e93      0x9ac src/grbl/motion_control.o
 .debug_line    0x0000383f      0x94b src/grbl/nuts_bolts.o
 .debug_line    0x0000418a      0xafa src/grbl/planner.o
 .debug_line    0x00004c84      0x9ab src/grbl/print.o
 .debug_line    0x0000562f      0x89c src/grbl/probe.o
 .debug_line    0x00005ecb      0x9bc src/grbl/protocol.o
 .debug_line    0x00006887      0xabe src/grbl/report.o
 .debug_line    0x00007345      0x961 src/grbl/serial.o
 .debug_line    0x00007ca6      0xa6c src/grbl/settings.o
 .debug_line    0x00008712      0x8c7 src/grbl/spindle_control.o
 .debug_line    0x00008fd9      0xc8b src/grbl/stepper.o
 .debug_line    0x00009c64      0xaf5 src/grbl/system.o
 .debug_line    0x0000a759      0x72d src/avr/eeprom.o
 .debug_line    0x0000ae86      0x5d8 StdPeriph_Driver/src/misc.o
 .debug_line    0x0000b45e      0x900 StdPeriph_Driver/src/stm32f4xx_flash.o
 .debug_line    0x0000bd5e      0x700 StdPeriph_Driver/src/stm32f4xx_gpio.o
 .debug_line    0x0000c45e      0x9b5 StdPeriph_Driver/src/stm32f4xx_rcc.o
 .debug_line    0x0000ce13      0xe52 StdPeriph_Driver/src/stm32f4xx_tim.o
 .debug_line    0x0000dc65      0x846 StdPeriph_Driver/src/stm32f4xx_usart.o

.debug_info     0x00000000     0xb889
 .debug_info    0x00000000       0x7a startup/startup_stm32f411xe.o
 .debug_info    0x0000007a       0x86 src/util/delay.o
 .debug_info    0x00000100      0x58f src/system_stm32f4xx.o
 .debug_info    0x0000068f      0x256 src/grbl/coolant_control.o
 .debug_info    0x000008e5      0x5ee src/grbl/gcode.o
 .debug_info    0x00000ed3      0x5bd src/grbl/limits.o
 .debug_info    0x00001490      0x34d src/grbl/main.o
 .debug_info    0x000017dd      0x5e8 src/grbl/motion_control.o
 .debug_info    0x00001dc5      0x61c src/grbl/nuts_bolts.o
 .debug_info    0x000023e1      0x703 src/grbl/planner.o
 .debug_info    0x00002ae4      0x50f src/grbl/print.o
 .debug_info    0x00002ff3      0x461 src/grbl/probe.o
 .debug_info    0x00003454      0x3db src/grbl/protocol.o
 .debug_info    0x0000382f      0x660 src/grbl/report.o
 .debug_info    0x00003e8f      0x8d3 src/grbl/serial.o
 .debug_info    0x00004762      0x577 src/grbl/settings.o
 .debug_info    0x00004cd9      0x75e src/grbl/spindle_control.o
 .debug_info    0x00005437     0x113d src/grbl/stepper.o
 .debug_info    0x00006574      0x73f src/grbl/system.o
 .debug_info    0x00006cb3      0x31b src/avr/eeprom.o
 .debug_info    0x00006fce      0x549 StdPeriph_Driver/src/misc.o
 .debug_info    0x00007517      0x944 StdPeriph_Driver/src/stm32f4xx_flash.o
 .debug_info    0x00007e5b      0x625 StdPeriph_Driver/src/stm32f4xx_gpio.o
 .debug_info    0x00008480      0xdc6 StdPeriph_Driver/src/stm32f4xx_rcc.o
 .debug_info    0x00009246     0x1c71 StdPeriph_Driver/src/stm32f4xx_tim.o
 .debug_info    0x0000aeb7      0x9d2 StdPeriph_Driver/src/stm32f4xx_usart.o

.debug_abbrev   0x00000000     0x271c
 .debug_abbrev  0x00000000       0x12 startup/startup_stm32f411xe.o
 .debug_abbrev  0x00000012       0x7d src/util/delay.o
 .debug_abbrev  0x0000008f      0x11a src/system_stm32f4xx.o
 .debug_abbrev  0x000001a9      0x10f src/grbl/coolant_control.o
 .debug_abbrev  0x000002b8      0x184 src/grbl/gcode.o
 .debug_abbrev  0x0000043c      0x1f8 src/grbl/limits.o
 .debug_abbrev  0x00000634      0x105 src/grbl/main.o
 .debug_abbrev  0x00000739      0x186 src/grbl/motion_control.o
 .debug_abbrev  0x000008bf      0x16d src/grbl/nuts_bolts.o
 .debug_abbrev  0x00000a2c      0x245 src/grbl/planner.o
 .debug_abbrev  0x00000c71      0x129 src/grbl/print.o
 .debug_abbrev  0x00000d9a      0x16d src/grbl/probe.o
 .debug_abbrev  0x00000f07      0x12b src/grbl/protocol.o
 .debug_abbrev  0x00001032      0x1cd src/grbl/report.o
 .debug_abbrev  0x000011ff      0x1b4 src/grbl/serial.o
 .debug_abbrev  0x000013b3      0x1a7 src/grbl/settings.o
 .debug_abbrev  0x0000155a      0x18e src/grbl/spindle_control.o
 .debug_abbrev  0x000016e8      0x329 src/grbl/stepper.o
 .debug_abbrev  0x00001a11      0x2ba src/grbl/system.o
 .debug_abbrev  0x00001ccb      0x138 src/avr/eeprom.o
 .debug_abbrev  0x00001e03      0x14c StdPeriph_Driver/src/misc.o
 .debug_abbrev  0x00001f4f      0x176 StdPeriph_Driver/src/stm32f4xx_flash.o
 .debug_abbrev  0x000020c5      0x1ac StdPeriph_Driver/src/stm32f4xx_gpio.o
 .debug_abbrev  0x00002271      0x1c1 StdPeriph_Driver/src/stm32f4xx_rcc.o
 .debug_abbrev  0x00002432      0x18e StdPeriph_Driver/src/stm32f4xx_tim.o
 .debug_abbrev  0x000025c0      0x15c StdPeriph_Driver/src/stm32f4xx_usart.o

.debug_aranges  0x00000000      0xe88
 .debug_aranges
                0x00000000       0x28 startup/startup_stm32f411xe.o
 .debug_aranges
                0x00000028       0x28 src/util/delay.o
 .debug_aranges
                0x00000050       0x30 src/system_stm32f4xx.o
 .debug_aranges
                0x00000080       0x38 src/grbl/coolant_control.o
 .debug_aranges
                0x000000b8       0x38 src/grbl/gcode.o
 .debug_aranges
                0x000000f0       0x50 src/grbl/limits.o
 .debug_aranges
                0x00000140       0x20 src/grbl/main.o
 .debug_aranges
                0x00000160       0x50 src/grbl/motion_control.o
 .debug_aranges
                0x000001b0       0x58 src/grbl/nuts_bolts.o
 .debug_aranges
                0x00000208       0x80 src/grbl/planner.o
 .debug_aranges
                0x00000288       0x78 src/grbl/print.o
 .debug_aranges
                0x00000300       0x38 src/grbl/probe.o
 .debug_aranges
                0x00000338       0x48 src/grbl/protocol.o
 .debug_aranges
                0x00000380       0x80 src/grbl/report.o
 .debug_aranges
                0x00000400       0x60 src/grbl/serial.o
 .debug_aranges
                0x00000460       0x88 src/grbl/settings.o
 .debug_aranges
                0x000004e8       0x38 src/grbl/spindle_control.o
 .debug_aranges
                0x00000520       0xe8 src/grbl/stepper.o
 .debug_aranges
                0x00000608       0x78 src/grbl/system.o
 .debug_aranges
                0x00000680       0x48 src/avr/eeprom.o
 .debug_aranges
                0x000006c8       0x40 StdPeriph_Driver/src/misc.o
 .debug_aranges
                0x00000708      0x158 StdPeriph_Driver/src/stm32f4xx_flash.o
 .debug_aranges
                0x00000860       0x88 StdPeriph_Driver/src/stm32f4xx_gpio.o
 .debug_aranges
                0x000008e8      0x1a8 StdPeriph_Driver/src/stm32f4xx_rcc.o
 .debug_aranges
                0x00000a90      0x2f8 StdPeriph_Driver/src/stm32f4xx_tim.o
 .debug_aranges
                0x00000d88      0x100 StdPeriph_Driver/src/stm32f4xx_usart.o

.debug_ranges   0x00000000      0xd70
 .debug_ranges  0x00000000       0x20 startup/startup_stm32f411xe.o
 .debug_ranges  0x00000020       0x18 src/util/delay.o
 .debug_ranges  0x00000038       0x20 src/system_stm32f4xx.o
 .debug_ranges  0x00000058       0x28 src/grbl/coolant_control.o
 .debug_ranges  0x00000080       0x48 src/grbl/gcode.o
 .debug_ranges  0x000000c8       0x40 src/grbl/limits.o
 .debug_ranges  0x00000108       0x10 src/grbl/main.o
 .debug_ranges  0x00000118       0x58 src/grbl/motion_control.o
 .debug_ranges  0x00000170       0x48 src/grbl/nuts_bolts.o
 .debug_ranges  0x000001b8       0x70 src/grbl/planner.o
 .debug_ranges  0x00000228       0x68 src/grbl/print.o
 .debug_ranges  0x00000290       0x28 src/grbl/probe.o
 .debug_ranges  0x000002b8       0x38 src/grbl/protocol.o
 .debug_ranges  0x000002f0       0x70 src/grbl/report.o
 .debug_ranges  0x00000360       0x50 src/grbl/serial.o
 .debug_ranges  0x000003b0       0x90 src/grbl/settings.o
 .debug_ranges  0x00000440       0x28 src/grbl/spindle_control.o
 .debug_ranges  0x00000468      0x108 src/grbl/stepper.o
 .debug_ranges  0x00000570       0x68 src/grbl/system.o
 .debug_ranges  0x000005d8       0x38 src/avr/eeprom.o
 .debug_ranges  0x00000610       0x30 StdPeriph_Driver/src/misc.o
 .debug_ranges  0x00000640      0x148 StdPeriph_Driver/src/stm32f4xx_flash.o
 .debug_ranges  0x00000788       0x78 StdPeriph_Driver/src/stm32f4xx_gpio.o
 .debug_ranges  0x00000800      0x198 StdPeriph_Driver/src/stm32f4xx_rcc.o
 .debug_ranges  0x00000998      0x2e8 StdPeriph_Driver/src/stm32f4xx_tim.o
 .debug_ranges  0x00000c80       0xf0 StdPeriph_Driver/src/stm32f4xx_usart.o

.debug_macro    0x00000000    0x13c61
 .debug_macro   0x00000000       0x17 src/util/delay.o
 .debug_macro   0x00000017      0x8aa src/util/delay.o
 .debug_macro   0x000008c1      0x196 src/system_stm32f4xx.o
 .debug_macro   0x00000a57       0x65 src/system_stm32f4xx.o
 .debug_macro   0x00000abc       0x3b src/system_stm32f4xx.o
 .debug_macro   0x00000af7       0x44 src/system_stm32f4xx.o
 .debug_macro   0x00000b3b       0xfd src/system_stm32f4xx.o
 .debug_macro   0x00000c38      0x1df src/system_stm32f4xx.o
 .debug_macro   0x00000e17       0x2d src/system_stm32f4xx.o
 .debug_macro   0x00000e44       0x26 src/system_stm32f4xx.o
 .debug_macro   0x00000e6a      0xd39 src/system_stm32f4xx.o
 .debug_macro   0x00001ba3     0x7ce5 src/system_stm32f4xx.o
 .debug_macro   0x00009888      0x44f src/system_stm32f4xx.o
 .debug_macro   0x00009cd7       0xb2 src/system_stm32f4xx.o
 .debug_macro   0x00009d89      0x477 src/system_stm32f4xx.o
 .debug_macro   0x0000a200       0xae src/system_stm32f4xx.o
 .debug_macro   0x0000a2ae      0x41c src/system_stm32f4xx.o
 .debug_macro   0x0000a6ca      0x2e6 src/system_stm32f4xx.o
 .debug_macro   0x0000a9b0      0x2ba src/system_stm32f4xx.o
 .debug_macro   0x0000ac6a       0x64 src/system_stm32f4xx.o
 .debug_macro   0x0000acce       0xeb src/system_stm32f4xx.o
 .debug_macro   0x0000adb9      0x642 src/system_stm32f4xx.o
 .debug_macro   0x0000b3fb      0x57b src/system_stm32f4xx.o
 .debug_macro   0x0000b976      0x342 src/system_stm32f4xx.o
 .debug_macro   0x0000bcb8      0x36c src/system_stm32f4xx.o
 .debug_macro   0x0000c024       0xf0 src/system_stm32f4xx.o
 .debug_macro   0x0000c114      0x73b src/system_stm32f4xx.o
 .debug_macro   0x0000c84f      0x223 src/system_stm32f4xx.o
 .debug_macro   0x0000ca72       0x34 src/system_stm32f4xx.o
 .debug_macro   0x0000caa6       0x82 src/system_stm32f4xx.o
 .debug_macro   0x0000cb28       0x10 src/system_stm32f4xx.o
 .debug_macro   0x0000cb38       0x35 src/system_stm32f4xx.o
 .debug_macro   0x0000cb6d      0x384 src/grbl/coolant_control.o
 .debug_macro   0x0000cef1       0x16 src/grbl/coolant_control.o
 .debug_macro   0x0000cf07       0x82 src/grbl/coolant_control.o
 .debug_macro   0x0000cf89      0x45d src/grbl/coolant_control.o
 .debug_macro   0x0000d3e6      0x311 src/grbl/coolant_control.o
 .debug_macro   0x0000d6f7       0x16 src/grbl/coolant_control.o
 .debug_macro   0x0000d70d       0x10 src/grbl/coolant_control.o
 .debug_macro   0x0000d71d       0xa2 src/grbl/coolant_control.o
 .debug_macro   0x0000d7bf      0x104 src/grbl/coolant_control.o
 .debug_macro   0x0000d8c3      0x1e1 src/grbl/coolant_control.o
 .debug_macro   0x0000daa4       0x10 src/grbl/coolant_control.o
 .debug_macro   0x0000dab4       0x22 src/grbl/coolant_control.o
 .debug_macro   0x0000dad6       0xf4 src/grbl/coolant_control.o
 .debug_macro   0x0000dbca       0xa0 src/grbl/coolant_control.o
 .debug_macro   0x0000dc6a       0xc4 src/grbl/coolant_control.o
 .debug_macro   0x0000dd2e       0xe8 src/grbl/coolant_control.o
 .debug_macro   0x0000de16       0xca src/grbl/coolant_control.o
 .debug_macro   0x0000dee0      0x119 src/grbl/coolant_control.o
 .debug_macro   0x0000dff9      0x1b5 src/grbl/coolant_control.o
 .debug_macro   0x0000e1ae       0x16 src/grbl/coolant_control.o
 .debug_macro   0x0000e1c4       0x1c src/grbl/coolant_control.o
 .debug_macro   0x0000e1e0       0x16 src/grbl/coolant_control.o
 .debug_macro   0x0000e1f6       0x10 src/grbl/coolant_control.o
 .debug_macro   0x0000e206      0x118 src/grbl/coolant_control.o
 .debug_macro   0x0000e31e       0x1c src/grbl/coolant_control.o
 .debug_macro   0x0000e33a       0x10 src/grbl/coolant_control.o
 .debug_macro   0x0000e34a      0x3a8 src/grbl/gcode.o
 .debug_macro   0x0000e6f2      0x390 src/grbl/limits.o
 .debug_macro   0x0000ea82      0x384 src/grbl/main.o
 .debug_macro   0x0000ee06      0x384 src/grbl/motion_control.o
 .debug_macro   0x0000f18a      0x38e src/grbl/nuts_bolts.o
 .debug_macro   0x0000f518      0x38a src/grbl/planner.o
 .debug_macro   0x0000f8a2      0x384 src/grbl/print.o
 .debug_macro   0x0000fc26      0x384 src/grbl/probe.o
 .debug_macro   0x0000ffaa      0x396 src/grbl/protocol.o
 .debug_macro   0x00010340      0x384 src/grbl/report.o
 .debug_macro   0x000106c4      0x3f6 src/grbl/serial.o
 .debug_macro   0x00010aba      0x384 src/grbl/settings.o
 .debug_macro   0x00010e3e      0x384 src/grbl/spindle_control.o
 .debug_macro   0x000111c2      0x3cc src/grbl/stepper.o
 .debug_macro   0x0001158e      0x384 src/grbl/system.o
 .debug_macro   0x00011912      0x243 src/avr/eeprom.o
 .debug_macro   0x00011b55      0x182 StdPeriph_Driver/src/misc.o
 .debug_macro   0x00011cd7       0x7c StdPeriph_Driver/src/misc.o
 .debug_macro   0x00011d53      0x182 StdPeriph_Driver/src/stm32f4xx_flash.o
 .debug_macro   0x00011ed5      0x416 StdPeriph_Driver/src/stm32f4xx_flash.o
 .debug_macro   0x000122eb      0x180 StdPeriph_Driver/src/stm32f4xx_gpio.o
 .debug_macro   0x0001246b      0x2e0 StdPeriph_Driver/src/stm32f4xx_gpio.o
 .debug_macro   0x0001274b      0x246 StdPeriph_Driver/src/stm32f4xx_rcc.o
 .debug_macro   0x00012991      0x63c StdPeriph_Driver/src/stm32f4xx_rcc.o
 .debug_macro   0x00012fcd      0x1aa StdPeriph_Driver/src/stm32f4xx_tim.o
 .debug_macro   0x00013177      0x735 StdPeriph_Driver/src/stm32f4xx_tim.o
 .debug_macro   0x000138ac      0x198 StdPeriph_Driver/src/stm32f4xx_usart.o
 .debug_macro   0x00013a44      0x21d StdPeriph_Driver/src/stm32f4xx_usart.o

.debug_str      0x00000000    0x5cbd7
 .debug_str     0x00000000     0x2560 src/util/delay.o
                               0x2573 (size before relaxing)
 .debug_str     0x00002560    0x4ef74 src/system_stm32f4xx.o
                              0x5164c (size before relaxing)
 .debug_str     0x000514d4     0x6ffc src/grbl/coolant_control.o
                              0x58489 (size before relaxing)
 .debug_str     0x000584d0      0x2c6 src/grbl/gcode.o
                              0x58722 (size before relaxing)
 .debug_str     0x00058796      0x2a9 src/grbl/limits.o
                              0x58721 (size before relaxing)
 .debug_str     0x00058a3f       0x25 src/grbl/main.o
                              0x58595 (size before relaxing)
 .debug_str     0x00058a64      0x158 src/grbl/motion_control.o
                              0x58718 (size before relaxing)
 .debug_str     0x00058bbc      0x1bc src/grbl/nuts_bolts.o
                              0x586d7 (size before relaxing)
 .debug_str     0x00058d78      0x2b9 src/grbl/planner.o
                              0x588bb (size before relaxing)
 .debug_str     0x00059031      0x10a src/grbl/print.o
                              0x58630 (size before relaxing)
 .debug_str     0x0005913b       0x71 src/grbl/probe.o
                              0x5863c (size before relaxing)
 .debug_str     0x000591ac      0x120 src/grbl/protocol.o
                              0x58638 (size before relaxing)
 .debug_str     0x000592cc      0x176 src/grbl/report.o
                              0x587de (size before relaxing)
 .debug_str     0x00059442      0x8c0 src/grbl/serial.o
                              0x58ecb (size before relaxing)
 .debug_str     0x00059d02      0x17d src/grbl/settings.o
                              0x586db (size before relaxing)
 .debug_str     0x00059e7f      0x20b src/grbl/spindle_control.o
                              0x5884b (size before relaxing)
 .debug_str     0x0005a08a      0x638 src/grbl/stepper.o
                              0x59285 (size before relaxing)
 .debug_str     0x0005a6c2      0x1ab src/grbl/system.o
                              0x5875c (size before relaxing)
 .debug_str     0x0005a86d      0x163 src/avr/eeprom.o
                              0x55703 (size before relaxing)
 .debug_str     0x0005a9d0      0x142 StdPeriph_Driver/src/misc.o
                              0x51674 (size before relaxing)
 .debug_str     0x0005ab12      0x421 StdPeriph_Driver/src/stm32f4xx_flash.o
                              0x5193e (size before relaxing)
 .debug_str     0x0005af33      0x182 StdPeriph_Driver/src/stm32f4xx_gpio.o
                              0x5171c (size before relaxing)
 .debug_str     0x0005b0b5      0xc11 StdPeriph_Driver/src/stm32f4xx_rcc.o
                              0x521b3 (size before relaxing)
 .debug_str     0x0005bcc6      0xaa4 StdPeriph_Driver/src/stm32f4xx_tim.o
                              0x52113 (size before relaxing)
 .debug_str     0x0005c76a      0x46d StdPeriph_Driver/src/stm32f4xx_usart.o
                              0x51a2f (size before relaxing)

.comment        0x00000000       0x6e
 .comment       0x00000000       0x6e src/util/delay.o
                                 0x6f (size before relaxing)
 .comment       0x0000006e       0x6f src/system_stm32f4xx.o
 .comment       0x0000006e       0x6f src/grbl/coolant_control.o
 .comment       0x0000006e       0x6f src/grbl/gcode.o
 .comment       0x0000006e       0x6f src/grbl/limits.o
 .comment       0x0000006e       0x6f src/grbl/main.o
 .comment       0x0000006e       0x6f src/grbl/motion_control.o
 .comment       0x0000006e       0x6f src/grbl/nuts_bolts.o
 .comment       0x0000006e       0x6f src/grbl/planner.o
 .comment       0x0000006e       0x6f src/grbl/print.o
 .comment       0x0000006e       0x6f src/grbl/probe.o
 .comment       0x0000006e       0x6f src/grbl/protocol.o
 .comment       0x0000006e       0x6f src/grbl/report.o
 .comment       0x0000006e       0x6f src/grbl/serial.o
 .comment       0x0000006e       0x6f src/grbl/settings.o
 .comment       0x0000006e       0x6f src/grbl/spindle_control.o
 .comment       0x0000006e       0x6f src/grbl/stepper.o
 .comment       0x0000006e       0x6f src/grbl/system.o
 .comment       0x0000006e       0x6f src/avr/eeprom.o
 .comment       0x0000006e       0x6f StdPeriph_Driver/src/misc.o
 .comment       0x0000006e       0x6f StdPeriph_Driver/src/stm32f4xx_flash.o
 .comment       0x0000006e       0x6f StdPeriph_Driver/src/stm32f4xx_gpio.o
 .comment       0x0000006e       0x6f StdPeriph_Driver/src/stm32f4xx_rcc.o
 .comment       0x0000006e       0x6f StdPeriph_Driver/src/stm32f4xx_tim.o
 .comment       0x0000006e       0x6f StdPeriph_Driver/src/stm32f4xx_usart.o

.debug_frame    0x00000000     0x3b50
 .debug_frame   0x00000000       0x5c src/util/delay.o
 .debug_frame   0x0000005c       0x74 src/system_stm32f4xx.o
 .debug_frame   0x000000d0       0x94 src/grbl/coolant_control.o
 .debug_frame   0x00000164       0xa4 src/grbl/gcode.o
 .debug_frame   0x00000208      0x104 src/grbl/limits.o
 .debug_frame   0x0000030c       0x2c src/grbl/main.o
 .debug_frame   0x00000338      0x108 src/grbl/motion_control.o
 .debug_frame   0x00000440      0x13c src/grbl/nuts_bolts.o
 .debug_frame   0x0000057c      0x1dc src/grbl/planner.o
 .debug_frame   0x00000758      0x1d0 src/grbl/print.o
 .debug_frame   0x00000928       0x94 src/grbl/probe.o
 .debug_frame   0x000009bc       0xcc src/grbl/protocol.o
 .debug_frame   0x00000a88      0x1d8 src/grbl/report.o
 .debug_frame   0x00000c60      0x154 src/grbl/serial.o
 .debug_frame   0x00000db4      0x208 src/grbl/settings.o
 .debug_frame   0x00000fbc       0x98 src/grbl/spindle_control.o
 .debug_frame   0x00001054      0x370 src/grbl/stepper.o
 .debug_frame   0x000013c4      0x1d8 src/grbl/system.o
 .debug_frame   0x0000159c       0xec src/avr/eeprom.o
 .debug_frame   0x00001688       0xd8 StdPeriph_Driver/src/misc.o
 .debug_frame   0x00001760      0x5b4 StdPeriph_Driver/src/stm32f4xx_flash.o
 .debug_frame   0x00001d14      0x23c StdPeriph_Driver/src/stm32f4xx_gpio.o
 .debug_frame   0x00001f50      0x7c4 StdPeriph_Driver/src/stm32f4xx_rcc.o
 .debug_frame   0x00002714      0xe54 StdPeriph_Driver/src/stm32f4xx_tim.o
 .debug_frame   0x00003568      0x490 StdPeriph_Driver/src/stm32f4xx_usart.o
 .debug_frame   0x000039f8       0x20 c:/ac6/systemworkbench/plugins/fr.ac6.mcu.externaltools.arm-none.win32_1.7.0.201602121829/tools/compiler/bin/../lib/gcc/arm-none-eabi/5.2.1/../../../../arm-none-eabi/lib/armv7e-m/fpu\libc.a(lib_a-errno.o)
 .debug_frame   0x00003a18       0x2c c:/ac6/systemworkbench/plugins/fr.ac6.mcu.externaltools.arm-none.win32_1.7.0.201602121829/tools/compiler/bin/../lib/gcc/arm-none-eabi/5.2.1/../../../../arm-none-eabi/lib/armv7e-m/fpu\libc.a(lib_a-init.o)
 .debug_frame   0x00003a44       0x34 c:/ac6/systemworkbench/plugins/fr.ac6.mcu.externaltools.arm-none.win32_1.7.0.201602121829/tools/compiler/bin/../lib/gcc/arm-none-eabi/5.2.1/../../../../arm-none-eabi/lib/armv7e-m/fpu\libc.a(lib_a-memset.o)
 .debug_frame   0x00003a78       0x50 c:/ac6/systemworkbench/plugins/fr.ac6.mcu.externaltools.arm-none.win32_1.7.0.201602121829/tools/compiler/bin/../lib/gcc/arm-none-eabi/5.2.1/../../../../arm-none-eabi/lib/armv7e-m/fpu\libc.a(lib_a-__call_atexit.o)
 .debug_frame   0x00003ac8       0x20 c:/ac6/systemworkbench/plugins/fr.ac6.mcu.externaltools.arm-none.win32_1.7.0.201602121829/tools/compiler/bin/../lib/gcc/arm-none-eabi/5.2.1/../../../../arm-none-eabi/lib/armv7e-m/fpu\libc.a(lib_a-atexit.o)
 .debug_frame   0x00003ae8       0x34 c:/ac6/systemworkbench/plugins/fr.ac6.mcu.externaltools.arm-none.win32_1.7.0.201602121829/tools/compiler/bin/../lib/gcc/arm-none-eabi/5.2.1/../../../../arm-none-eabi/lib/armv7e-m/fpu\libc.a(lib_a-fini.o)
 .debug_frame   0x00003b1c       0x34 c:/ac6/systemworkbench/plugins/fr.ac6.mcu.externaltools.arm-none.win32_1.7.0.201602121829/tools/compiler/bin/../lib/gcc/arm-none-eabi/5.2.1/../../../../arm-none-eabi/lib/armv7e-m/fpu\libc.a(lib_a-__atexit.o)
